[000][cross] ok=True | For the datasheet parameter 'junction-to-ambient thermal | gold=TPS62150:45 °C/W|LMR14020:43 | pred='TPS62150: 45 °C/W; LMR14020: 43.2 °C/W. '
[001][cross] ok=False | For the datasheet parameter 'supply voltage', which part | gold=TMP1075:1.7 V to 5.5 V|BME28 | pred='TMP1075: 5.5 V (max supply voltage, 1.7 '
[002][cross] ok=False | For the datasheet parameter 'supply voltage', which part | gold=TMP1075:1.7 V to 5.5 V|OPA23 | pred='TMP1075: 5.5 V (max recommended supply v'
[003][cross] ok=True | For the datasheet parameter 'supply voltage', which part | gold=BME280:1.71 V to 3.6 V|OPA23 | pred='**OPA2365** specifies the larger supply '
[004][cross] ok=True | For the datasheet parameter 'maximum junction temperatur | gold=SN74LVC1G14:150 °C|LM2674:15 | pred='Corrected values:\n\n- **SN74LVC1G14**: ma'
[005][cross] ok=False | For the datasheet parameter 'input bias current', which  | gold=OPA4322:±0.2 pA typ, ±10 pA  | pred='OPA330 specifies the larger input bias c'
[006][cross] ok=False | For the datasheet parameter 'power supply recommendation | gold=SN65HVD230:3.3 V|LM5180:4.5  | pred='The provided excerpts do not contain a "'
[007][cross] ok=False | For the datasheet parameter 'maximum repetitive peak iso | gold=AMC1400:2800 VPK|UCC23514:21 | pred='The AMC1400 specifies the larger value.\n'
[008][cross] ok=False | For the datasheet parameter 'switching node pin voltage  | gold=DRV8323R:30ns|DRV8320:30ns | pred='The provided excerpts do not contain the'
[009][cross] ok=False | For the datasheet parameter 'enable and adjusting underv | gold=TPS54541:4.3 V|TPS54360:4.3  | pred='The TPS54360 specifies the larger value.'
[010][cross] ok=False | For 'input voltage', which is larger: TMP1075 or INA219? | gold=TMP1075:1.7 V to 5.5 V|INA21 | pred='TMP1075: –0.3 V to 6.5 V (SCL, SDA, A1, '
[011][cross] ok=False | For 'input voltage', which is larger: TMP1075 or MPU9250 | gold=TMP1075:1.7 V to 5.5 V|MPU92 | pred='For **input voltage**, the **TMP1075** i'
[012][cross] ok=False | For the datasheet parameter 'safety output supply curren | gold=UCC21520:69.8°C/W|UCC21530:7 | pred='UCC21520 specifies the larger value: 58 '
[013][cross] ok=False | For 'operating temperature', which is larger: TLC5947 or | gold=TLC5947:150 °C|lt1024:-55°C  | pred='Corrected values:\n\n- **TLC5947**: –40°C '
[014][cross] ok=False | Compare the datasheet-specified values 'gda, gdb output  | gold=UCC28060:2.5 mA|AMC3301:4 mA | pred='The UCC28060 datasheet excerpts provided'
[015][cross] ok=False | For 'operating temperature', which is larger: AMC1311 or | gold=AMC1311:-55°C to +125°C|TL43 | pred='**AMC1311** is larger: **–55°C to +125°C'
[016][cross] ok=False | For 'operating temperature', which is larger: AMC1311 or | gold=AMC1311:-55°C to +125°C|TL43 | pred='TL432 is larger: TL432 operating junctio'
[017][cross] ok=False | For 'input voltage', which is larger: TMP1075 or SN65HVD | gold=TMP1075:1.7 V to 5.5 V|SN65H | pred='Corrected values:\n\n- **TMP1075** input v'
[018][cross] ok=False | For 'input voltage', which is larger: INA219 or OPA2365? | gold=INA219:3V to 5.5V|OPA2365:5. | pred='OPA2365 is larger.\n\n- INA219: 0 to 26 V '
[019][cross] ok=False | For 'input voltage', which is larger: BME280 or TMP20? G | gold=BME280:1.71 V to 3.6 V|TMP20 | pred='Corrected values:\n\n- **TMP20**: supply v'
[020][cross] ok=False | For 'input voltage', which is larger: OPA2376 or DRV8876 | gold=OPA2376:2.2 V to 5.5 V|DRV88 | pred='DRV8876 is larger.\n\n- OPA2376: supply vo'
[021][cross] ok=True | For 'input voltage', which is larger: LM5180 or OPA192?  | gold=LM5180:4.5 V to 65 V|OPA192: | pred='**LM5180** is larger.\n\n- **LM5180**: 4.5'
[022][cross] ok=False | For 'input voltage', which is larger: SN65HVD230 or BME2 | gold=SN65HVD230:3.3 V|BME280:1.71 | pred='SN65HVD230: 3.3 V (VCC supply voltage). '
[023][cross] ok=False | For 'input voltage', which is larger: TMP20 or INA219? G | gold=TMP20:2.7 V to 5.5 V|INA219: | pred='INA219: 26 V (bus voltage range 0 to 26 '
[024][cross] ok=False | For 'input voltage', which is larger: OPA192 or OPA2365? | gold=OPA192:4.5 V to 36 V|OPA2365 | pred='OPA192: 36 V (±18 V) supply voltage max.'
[025][cross] ok=False | For 'input voltage', which is larger: LM5180 or TMP1075? | gold=LM5180:4.5 V to 65 V|TMP1075 | pred='**LM5180:** 65 V max (input voltage rang'
[026][cross] ok=False | For 'input voltage', which is larger: DRV8876 or TMP1075 | gold=DRV8876:3.3 V|TMP1075:1.7 V  | pred='DRV8876: 5.5 V max; TMP1075: 6.5 V max. '
[027][cross] ok=True | For 'input voltage', which is larger: OPA2376 or OPA192? | gold=OPA2376:2.2 V to 5.5 V|OPA19 | pred='Corrected values:\n\n- **OPA2376**: supply'
[028][cross] ok=True | For 'input voltage', which is larger: BME280 or DRV8876? | gold=BME280:1.71 V to 3.6 V|DRV88 | pred='DRV8876 is larger.\n\n- BME280: VDD main s'
[029][cross] ok=False | For 'operating temperature', which is larger: TLC5947 or | gold=TLC5947:150 °C|LM5180:-40°C  | pred='Corrected values:\n\n- **TLC5947**: –40°C '
[030][cross] ok=False | For 'operating temperature', which is larger: TXS0104E o | gold=TXS0104E:150 °C|lt1024:-55°C | pred='Corrected values:\n\n- **TXS0104E**: –40°C'
[031][cross] ok=False | For 'operating temperature', which is larger: LM5180 or  | gold=LM5180:-40°C to 150°C|lt1024 | pred='Corrected values:\n\n- **LM5180**: –40°C t'
[032][cross] ok=True | For 'operating temperature', which is larger: BMP280 or  | gold=BMP280:-40 °C to +85 °C|stm3 | pred='STM32L151CB: -40°C to 85°C/105°C. BMP280'
[033][cross] ok=False | For 'operating temperature', which is larger: LIS3DH or  | gold=LIS3DH:-40 °C to +85 °C|TXS0 | pred='**LIS3DH:** –40 to +85 °C  \n**TXS0104E:*'
[034][cross] ok=False | For 'operating temperature', which is larger: stm32l151c | gold=stm32l151cb:-40 °C to 105 °C | pred='STM32L151CB: -40°C to 85°C/105°C (larger'
[035][cross] ok=True | Compare the datasheet-specified values 'output voltage'  | gold=TPS7A37:3.3 V|ADS131M02:1.2  | pred='The TPS7A37 datasheet does not specify a'
[036][cross] ok=False | Compare the datasheet-specified values 'output current'  | gold=TPS62203:300 mA|DRV8412:20 A | pred='The TPS62203 datasheet does not specify '

== QA100 acc(部分)=8/37 ==
  cross  8/37 = 0.22
明细: eval/qa100/results_v31_api_rag_verify.json
