[000][app  ] ok=True | In the application design guidance for LM2576 (TI), what | gold=47 μH | pred='The excerpt does not specify a value for'
[001][app  ] ok=True | In the application design guidance for LM2576 (TI), what | gold=68 μH | pred='From the excerpt, the inductor value spe'
[002][app  ] ok=False | In the application design guidance for UCC28180 (TI), wh | gold=2700pF | pred='From the datasheet excerpt, the value sp'
[003][app  ] ok=False | In the application design guidance for LM1084 (TI), what | gold=≥ 1000 µf | pred='The datasheet does not specify a concret'
[004][app  ] ok=False | In the application design guidance for TPS7A05 (TI), wha | gold=1
µF | pred='The datasheet does not specify a concret'
[005][app  ] ok=False | In the application design guidance for LM5023 (TI), what | gold=0.01µF | pred='The excerpt does not provide a specific '
[006][app  ] ok=False | In the application design guidance for LM5023 (TI), what | gold=4.7µF | pred='The datasheet does not specify a concret'
[007][app  ] ok=False | In the application design guidance for LM5113 (TI), what | gold=100 pF | pred='The excerpt does not specify a value for'
[008][app  ] ok=False | In the application design guidance for LM5113 (TI), what | gold=1500 pF | pred='The excerpt does not provide a specific '
[009][app  ] ok=False | In the application design guidance for LM5021 (TI), what | gold=1uF | pred='The value for the current sense comparat'
[010][app  ] ok=False | In the application design guidance for OPA364 (TI), what | gold=3.92 kΩ | pred='The provided excerpts do not contain any'
[011][app  ] ok=False | In the application design guidance for OPA364 (TI), what | gold=3.92 kΩ | pred='The provided excerpts do not contain any'
[012][app  ] ok=False | In the application design guidance for TPS7A10 (TI), wha | gold=2.2
µF | pred='The datasheet does not specify a concret'
[013][app  ] ok=False | In the application design guidance for TPS7A33 (TI), wha | gold=240
kΩ | pred='The feedback resistor value is not expli'
[014][app  ] ok=False | In the application design guidance for TPS7A49 (TI), wha | gold=237
kΩ | pred='From the provided excerpts, the feedback'
[015][app  ] ok=False | In the application design guidance for TPS54540 (TI), wh | gold=4.7uF | pred="The value for 'C10' is not explicitly pr"
[016][app  ] ok=False | In the application design guidance for AMC1400 (TI), wha | gold=1 µF | pred="The value specified for 'C12' in the inp"
[017][app  ] ok=False | In the application design guidance for AMC1400 (TI), wha | gold=100 nF | pred='The value specified for the capacitor C1'
[018][app  ] ok=True | In the application design guidance for DRV8874 (TI), wha | gold=5.5 kΩ | pred='From the excerpts, the value specified f'
[019][app  ] ok=True | In the application design guidance for TL432 (TI), what  | gold=<10kΩ | pred='The example value for the input resistan'
[020][app  ] ok=False | In the application design guidance for TPS54521 (TI), wh | gold=47pF | pred='The value for C11 is not explicitly give'
[021][app  ] ok=False | In the application design guidance for UCC28C51 (TI), wh | gold=2uF | pred='The excerpt does not specify a value for'
[022][app  ] ok=False | In the application design guidance for UCC28C51 (TI), wh | gold=5.6nF | pred='The excerpt does not provide a specific '
[023][app  ] ok=True | In the application design guidance for UCC28C40 (TI), wh | gold=1uF | pred='Based on the application circuit diagram'
[024][app  ] ok=False | In the application design guidance for LMX2594 (TI), wha | gold=0.01µF | pred='The excerpt provided does not contain an'
[025][app  ] ok=False | In the application design guidance for LMX2594 (TI), wha | gold=0.01µF | pred='The excerpt provided does not contain an'
[026][app  ] ok=False | In the application design guidance for UCC29950 (TI), wh | gold=0.1μF | pred="The value specified for 'C34' is not dir"
[027][app  ] ok=False | In the application design guidance for UCC29950 (TI), wh | gold=0.1μF | pred="The value specified for 'C36' is not dir"
[028][app  ] ok=False | In the application design guidance for TPS7A26 (TI), wha | gold=1
μF | pred='From the excerpts, the recommended value'
[029][app  ] ok=False | In the application design guidance for TPS54560 (TI), wh | gold=2.2uF | pred='The excerpt does not specify a value for'
[030][app  ] ok=False | In the application design guidance for LM5115 (TI), what | gold=0.047
µF | pred='The datasheet does not explicitly specif'
[031][app  ] ok=False | In the application design guidance for OPA462 (TI), what | gold=100 kΩ | pred='The provided excerpts do not contain any'
[032][app  ] ok=False | In the application design guidance for OPA462 (TI), what | gold=125 Ω | pred='The provided excerpts do not contain any'
[033][app  ] ok=False | In the application design guidance for LM5160 (TI), what | gold=0.01µF | pred='The provided excerpts do not specify a v'
[034][app  ] ok=False | In the application design guidance for LM5160 (TI), what | gold=10µF | pred='The provided excerpts do not specify a c'
[035][app  ] ok=True | In the application design guidance for DRV8876 (TI), wha | gold=2.5 kΩ | pred='The example value specified for the exte'

== QA100 acc(部分)=6/36 ==
  app    6/36 = 0.17
明细: eval/qa100/results_app36fix_7bloose.json
