[000][app  ] ok=True | In the application design guidance for LM2576 (TI), what | gold=47 μH | pred='The excerpt does not provide a specific '
[001][app  ] ok=True | In the application design guidance for LM2576 (TI), what | gold=68 μH | pred='The excerpt does not provide a specific '
[002][app  ] ok=False | In the application design guidance for UCC28180 (TI), wh | gold=2700pF | pred='From the excerpt, the value specified fo'
[003][app  ] ok=True | In the application design guidance for LM1084 (TI), what | gold=≥ 1000 µf | pred='The excerpt does not provide a specific '
[004][app  ] ok=False | In the application design guidance for TPS7A05 (TI), wha | gold=1
µF | pred='The TPS7A05 datasheet does not specify a'
[005][app  ] ok=False | In the application design guidance for LM5023 (TI), what | gold=0.01µF | pred='From the excerpt, the value specified fo'
[006][app  ] ok=False | In the application design guidance for LM5023 (TI), what | gold=4.7µF | pred='From the excerpt, the value specified fo'
[007][app  ] ok=False | In the application design guidance for LM5113 (TI), what | gold=100 pF | pred='From the excerpt, the value specified fo'
[008][app  ] ok=False | In the application design guidance for LM5113 (TI), what | gold=1500 pF | pred='From the excerpt, the value specified fo'
[009][app  ] ok=False | In the application design guidance for LM5021 (TI), what | gold=1uF | pred='From the excerpt, the value specified fo'
[010][app  ] ok=False | In the application design guidance for OPA364 (TI), what | gold=3.92 kΩ | pred='From the excerpt, the value specified fo'
[011][app  ] ok=False | In the application design guidance for OPA364 (TI), what | gold=3.92 kΩ | pred='From the excerpt, the value specified fo'
[012][app  ] ok=False | In the application design guidance for TPS7A10 (TI), wha | gold=2.2
µF | pred='The excerpt does not provide a specific '
[013][app  ] ok=False | In the application design guidance for TPS7A33 (TI), wha | gold=240
kΩ | pred='From the excerpt, the feedback resistor '
[014][app  ] ok=False | In the application design guidance for TPS7A49 (TI), wha | gold=237
kΩ | pred='The excerpt provided does not contain an'
[015][app  ] ok=False | In the application design guidance for TPS54540 (TI), wh | gold=4.7uF | pred='From the TPS54540 datasheet, the value s'
[016][app  ] ok=True | In the application design guidance for AMC1400 (TI), wha | gold=1 µF | pred='The value specified for C12 is 1 µF.'
[017][app  ] ok=True | In the application design guidance for AMC1400 (TI), wha | gold=100 nF | pred='The value specified for C11 is 100 nF.'
[018][app  ] ok=False | In the application design guidance for DRV8874 (TI), wha | gold=5.5 kΩ | pred='The external resistor value for the DRV8'
[019][app  ] ok=False | In the application design guidance for TL432 (TI), what  | gold=<10kΩ | pred='The input resistor value for the TL432 i'
[020][app  ] ok=False | In the application design guidance for TPS54521 (TI), wh | gold=47pF | pred='Based on the provided excerpts, there is'
[021][app  ] ok=False | In the application design guidance for UCC28C51 (TI), wh | gold=2uF | pred='From the excerpt, the value specified fo'
[022][app  ] ok=False | In the application design guidance for UCC28C51 (TI), wh | gold=5.6nF | pred='From the excerpt, the value specified fo'
[023][app  ] ok=False | In the application design guidance for UCC28C40 (TI), wh | gold=1uF | pred='C15 is not specified in the provided exc'
[024][app  ] ok=False | In the application design guidance for LMX2594 (TI), wha | gold=0.01µF | pred='From the excerpt, the value specified fo'
[025][app  ] ok=True | In the application design guidance for LMX2594 (TI), wha | gold=0.01µF | pred='0.01µF'
[026][app  ] ok=False | In the application design guidance for UCC29950 (TI), wh | gold=0.1μF | pred='From the excerpt, the value specified fo'
[027][app  ] ok=False | In the application design guidance for UCC29950 (TI), wh | gold=0.1μF | pred='From the excerpt, the value specified fo'
[028][app  ] ok=False | In the application design guidance for TPS7A26 (TI), wha | gold=1
μF | pred='The excerpt does not provide a specific '
[029][app  ] ok=False | In the application design guidance for TPS54560 (TI), wh | gold=2.2uF | pred='The excerpt does not specify a value for'
[030][app  ] ok=False | In the application design guidance for LM5115 (TI), what | gold=0.047
µF | pred='The bootstrap capacitor value for the LM'
[031][app  ] ok=False | In the application design guidance for OPA462 (TI), what | gold=100 kΩ | pred='From the OPA462 datasheet, R15 is specif'
[032][app  ] ok=False | In the application design guidance for OPA462 (TI), what | gold=125 Ω | pred='From the OPA462 datasheet, R13 is specif'
[033][app  ] ok=False | In the application design guidance for LM5160 (TI), what | gold=0.01µF | pred='From the excerpt, the value specified fo'
[034][app  ] ok=True | In the application design guidance for LM5160 (TI), what | gold=10µF | pred='From the excerpt, the value specified fo'
[035][app  ] ok=False | In the application design guidance for DRV8876 (TI), wha | gold=2.5 kΩ | pred='The external resistor value specified in'

== QA100 acc(部分)=7/36 ==
  app    7/36 = 0.19
明细: eval/qa100/results_app36_7bloose.json
