[000][cross] ok=True | For the datasheet parameter 'junction-to-ambient thermal | gold=TPS62150:45 °C/W|LMR14020:43 | pred="For the parameter 'junction-to-ambient t"
[001][cross] ok=False | For the datasheet parameter 'supply voltage', which part | gold=TMP1075:1.7 V to 5.5 V|BME28 | pred='For TMP1075, the supply voltage range is'
[002][cross] ok=False | For the datasheet parameter 'supply voltage', which part | gold=TMP1075:1.7 V to 5.5 V|OPA23 | pred='TMP1075: 6.5V\nOPA2365: 2.2V to 5.5V'
[003][cross] ok=True | For the datasheet parameter 'supply voltage', which part | gold=BME280:1.71 V to 3.6 V|OPA23 | pred='For the BME280, the supply voltage range'
[004][cross] ok=False | For the datasheet parameter 'maximum junction temperatur | gold=SN74LVC1G14:150 °C|LM2674:15 | pred="For the datasheet parameter 'maximum jun"
[005][cross] ok=False | For the datasheet parameter 'input bias current', which  | gold=OPA4322:±0.2 pA typ, ±10 pA  | pred='OPA4322: ±200 pA\nOPA330: ±70 pA'
[006][cross] ok=False | For the datasheet parameter 'power supply recommendation | gold=SN65HVD230:3.3 V|LM5180:4.5  | pred="For the datasheet parameter 'power suppl"
[007][cross] ok=False | For the datasheet parameter 'maximum repetitive peak iso | gold=AMC1400:2800 VPK|UCC23514:21 | pred='For the AMC1400, the maximum repetitive '
[008][cross] ok=False | For the datasheet parameter 'switching node pin voltage  | gold=DRV8323R:30ns|DRV8320:30ns | pred='DRV8323R: 600 mA, DRV8320: 3 mA'
[009][cross] ok=False | For the datasheet parameter 'enable and adjusting underv | gold=TPS54541:4.3 V|TPS54360:4.3  | pred='For TPS54541, the larger value is 4.48 V'
[010][cross] ok=False | For 'input voltage', which is larger: TMP1075 or INA219? | gold=TMP1075:1.7 V to 5.5 V|INA21 | pred='TMP1075 input voltage SCL, SDA, A0: –0.3'
[011][cross] ok=False | For 'input voltage', which is larger: TMP1075 or MPU9250 | gold=TMP1075:1.7 V to 5.5 V|MPU92 | pred='TMP1075 input voltage SCL, SDA, A0: 6.5 '
[012][cross] ok=False | For the datasheet parameter 'safety output supply curren | gold=UCC21520:69.8°C/W|UCC21530:7 | pred='For the safety output supply current (IS'
[013][cross] ok=False | For 'operating temperature', which is larger: TLC5947 or | gold=TLC5947:150 °C|lt1024:-55°C  | pred='For operating temperature, TLC5947 range'
[014][cross] ok=False | Compare the datasheet-specified values 'gda, gdb output  | gold=UCC28060:2.5 mA|AMC3301:4 mA | pred='For UCC28060, GDA, GDB output voltage is'
[015][cross] ok=False | For 'operating temperature', which is larger: AMC1311 or | gold=AMC1311:-55°C to +125°C|TL43 | pred='TL431: -40°C to 85°C\nAMC1311: -55°C to 1'
[016][cross] ok=False | For 'operating temperature', which is larger: AMC1311 or | gold=AMC1311:-55°C to +125°C|TL43 | pred='TL432: -40°C to 85°C\nAMC1311: -55°C to 1'
[017][cross] ok=False | For 'input voltage', which is larger: TMP1075 or SN65HVD | gold=TMP1075:1.7 V to 5.5 V|SN65H | pred='TMP1075 input voltage SCL, SDA, A0: 6.5 '
[018][cross] ok=False | For 'input voltage', which is larger: INA219 or OPA2365? | gold=INA219:3V to 5.5V|OPA2365:5. | pred='For INA219, the input voltage range is V'
[019][cross] ok=False | For 'input voltage', which is larger: BME280 or TMP20? G | gold=BME280:1.71 V to 3.6 V|TMP20 | pred='BME280: Not specified in excerpt\nTMP20: '
[020][cross] ok=False | For 'input voltage', which is larger: OPA2376 or DRV8876 | gold=OPA2376:2.2 V to 5.5 V|DRV88 | pred='OPA2376: MIN 0 V, NOM 4.5 V, MAX 37 V\nDR'
[021][cross] ok=False | For 'input voltage', which is larger: LM5180 or OPA192?  | gold=LM5180:4.5 V to 65 V|OPA192: | pred='LM5180: Input voltage range (steady stat'
[022][cross] ok=False | For 'input voltage', which is larger: SN65HVD230 or BME2 | gold=SN65HVD230:3.3 V|BME280:1.71 | pred='For SN65HVD230, the input voltage range '
[023][cross] ok=False | For 'input voltage', which is larger: TMP20 or INA219? G | gold=TMP20:2.7 V to 5.5 V|INA219: | pred='TMP20: 5.5 V\nINA219: 5.5 V'
[024][cross] ok=False | For 'input voltage', which is larger: OPA192 or OPA2365? | gold=OPA192:4.5 V to 36 V|OPA2365 | pred='OPA192: VCM\nOPA2365: VCM'
[025][cross] ok=False | For 'input voltage', which is larger: LM5180 or TMP1075? | gold=LM5180:4.5 V to 65 V|TMP1075 | pred='LM5180: 65 V\nTMP1075: 6.5 V'
[026][cross] ok=False | For 'input voltage', which is larger: DRV8876 or TMP1075 | gold=DRV8876:3.3 V|TMP1075:1.7 V  | pred='DRV8876: 4.5 37 V\nTMP1075: -0.3 6.5 V'
[027][cross] ok=False | For 'input voltage', which is larger: OPA2376 or OPA192? | gold=OPA2376:2.2 V to 5.5 V|OPA19 | pred='OPA2376: MIN -40 V, NOM -2.2 V, MAX 5.5 '
[028][cross] ok=False | For 'input voltage', which is larger: BME280 or DRV8876? | gold=BME280:1.71 V to 3.6 V|DRV88 | pred='BME280: NOM 37 V MAX\nDRV8876: NOM 5.5 V '
[029][cross] ok=True | For 'operating temperature', which is larger: TLC5947 or | gold=TLC5947:150 °C|LM5180:-40°C  | pred='For TLC5947, the operating temperature r'
[030][cross] ok=False | For 'operating temperature', which is larger: TXS0104E o | gold=TXS0104E:150 °C|lt1024:-55°C | pred='TXS0104E: over recommended operating fre'
[031][cross] ok=True | For 'operating temperature', which is larger: LM5180 or  | gold=LM5180:-40°C to 150°C|lt1024 | pred='LM5180: -40°C to 150°C\nlt1024: -55°C to '
[032][cross] ok=True | For 'operating temperature', which is larger: BMP280 or  | gold=BMP280:-40 °C to +85 °C|stm3 | pred='BMP280: -40°C to 85°C/105°C\nstm32l151cb:'
[033][cross] ok=False | For 'operating temperature', which is larger: LIS3DH or  | gold=LIS3DH:-40 °C to +85 °C|TXS0 | pred='LIS3DH: -40 to +85 °C\nTXS0104E: -40 to +'
[034][cross] ok=False | For 'operating temperature', which is larger: stm32l151c | gold=stm32l151cb:-40 °C to 105 °C | pred='stm32l151cb: -40°C to 85°C/105°C\nTLC5947'
[035][cross] ok=False | Compare the datasheet-specified values 'output voltage'  | gold=TPS7A37:3.3 V|ADS131M02:1.2  | pred='TPS7A37 VOUT: 5.5 V\nADS131M02 REF: 1.2 V'
[036][cross] ok=False | Compare the datasheet-specified values 'output current'  | gold=TPS62203:300 mA|DRV8412:20 A | pred='TPS62203 output current: 300 mA\nDRV8412 '

== QA100 acc(部分)=5/37 ==
  cross  5/37 = 0.14
明细: eval/qa100/results_1791148718.json
