[000][param] ok=True | What is the specified value for 'junction temperature ra | gold=-40 °C to 105 °C | pred='The temperature range for the STM32L151C'
[001][param] ok=False | What is the specified value for 'resistances below' of L | gold=26 Ω | pred='From the given excerpts, the specific re'
[002][param] ok=True | What is the specified value for 'maximum junction temper | gold=150 °C | pred="The specified value for 'maximum junctio"
[003][param] ok=True | What is the specified value for 'the current produces a  | gold=0.5V | pred='0.5 V'
[004][param] ok=True | What is the specified value for 'the power converter sys | gold=4.5 V to 17 V | pred='From the given excerpts, the specified v'
[005][param] ok=False | What is the specified value for 'continuous currents abo | gold=60mA | pred='The specified continuous current above t'
[006][param] ok=False | What is the specified value for 'stop (flash in deep pow | gold=6 µA @ 25 °C | pred="The specified value for 'stop (flash in "
[007][param] ok=False | What is the specified value for 'rated for junction temp | gold=125°C | pred='The excerpt does not provide a specified'
[008][param] ok=False | What is the specified value for 'inductor current ripple | gold=266 mA | pred='The specified value for inductor current'
[009][param] ok=False | What is the specified value for 'junction-to-ambient the | gold=45 °C/W | pred='The junction-to-ambient thermal resistan'
[010][param] ok=False | What is the specified value for 'VM operating supply cur | gold=5 mA to 8 mA | pred="The specified value for 'VM operating su"
[011][param] ok=True | What is the specified value for 'supply voltage' of TMP1 | gold=1.7 V to 5.5 V | pred='The specified supply voltage range for t'
[012][param] ok=True | What is the specified value for 'maximum junction temper | gold=150 °C | pred="The specified value for 'maximum junctio"
[013][param] ok=True | What is the specified value for 'p/n power-supply voltag | gold=3V to 5.5V | pred='The specified power-supply voltage (VS) '
[014][param] ok=True | What is the specified value for 'under-voltage lockout h | gold=177 mV | pred="The specified value for 'under-voltage l"
[015][param] ok=False | What is the specified value for 'input bias current' of  | gold=±0.2 pA typ, ±10 pA max | pred='The given excerpts do not provide a spec'
[016][param] ok=False | What is the specified value for 'vil, low level input vo | gold=-0.5V | pred="The specified value for 'vil, low level "
[017][param] ok=True | What is the specified value for 'power supply recommenda | gold=3.3 V | pred='From the given excerpts, the SN65HVD230 '
[018][param] ok=False | What is the specified value for 'operating junction temp | gold=150 °C | pred="The specified value for 'operating junct"
[019][param] ok=True | What is the specified value for 'maximum voltage must no | gold=6 V | pred='6 V'
[020][param] ok=False | What is the specified value for 'enable supply voltage'  | gold=0 V to VIN | pred='From the given excerpts, there is no exp'
[021][param] ok=True | What is the specified value for 'total power dissipation | gold=11 mW | pred='11 mW'
[022][param] ok=True | What is the specified value for 'maximum junction temper | gold=150 °C | pred='The specified maximum junction temperatu'
[023][param] ok=False | What is the specified value for 'rated mains voltage' of | gold=≤ 150 VRMS | pred="The specified value for 'rated mains vol"
[024][param] ok=True | What is the specified value for 'threshold hysteresis' o | gold=15 mV | pred='The threshold hysteresis for UCC2946 is '
[025][param] ok=True | What is the specified value for 'temperature register re | gold=0°C | pred='The temperature register of the TMP104 r'
[026][param] ok=True | What is the specified value for 'temperature range' of B | gold=-40 °C to +85 °C | pred='The specified temperature range for the '
[027][param] ok=False | What is the specified value for 'operate over an extende | gold=-40 °C to +85 °C | pred='The specified operate over extended temp'
[028][param] ok=False | What is the specified value for 'changed typical short-c | gold=300 mA | pred='The provided excerpts do not contain a s'
[029][param] ok=True | What is the specified value for 'power supply recommenda | gold=4.5 V to 65 V | pred='The datasheet does not explicitly provid'
[030][param] ok=False | What is the specified value for 'temperature resolution' | gold=0.03125 °C | pred='The specified value for temperature reso'
[031][param] ok=True | What is the specified value for 'junction-to-board therm | gold=25.6 °C/W | pred="The specified value for 'junction-to-boa"
[032][param] ok=True | What is the specified value for 'operating temperature r | gold=-55°C to 125°C | pred='The specified operating temperature rang'
[033][param] ok=False | What is the specified value for 'feedback voltage' of TP | gold=1.185 V | pred='From the provided excerpts, the feedback'
[034][param] ok=True | What is the specified value for 'maximum repetitive peak | gold=2800 VPK | pred="The specified value for 'maximum repetit"
[035][param] ok=False | What is the specified value for 'temperature sensor outp | gold=1 °C/LSB | pred='The datasheet does not provide a specifi'
[036][param] ok=False | What is the specified value for 'high-side MOSFET ON-res | gold=90 mΩ to 170 mΩ | pred='The datasheet does not provide a specifi'
[037][param] ok=True | What is the specified value for 'voltage on this pin' of | gold=2.5 V | pred="The specified value for 'voltage on this"
[038][param] ok=False | What is the specified value for 'maximum working voltage | gold=5000 VRMS | pred='The maximum supply voltage (VCC1, VCC2) '
[039][param] ok=True | What is the specified value for 'recommended operating j | gold=-40°C to 150°C | pred='The specified value for the recommended '
[040][param] ok=False | What is the specified value for 'transmitting power' of  | gold=9 dBm | pred='The datasheet does not provide a specifi'
[041][param] ok=True | What is the specified value for 'power-supply recommenda | gold=4.5 V to 36 V | pred='From the excerpts, the specified supply '
[042][param] ok=True | What is the specified value for 'supply voltage' of BME2 | gold=1.71 V to 3.6 V | pred='The supply voltage range for BME280 is:\n'
[043][param] ok=True | What is the specified value for 'input offset voltage' o | gold=±0.2 mV typ, ±4 mV max | pred='The specified input offset voltage for t'
[044][param] ok=False | What is the specified value for 'critical, warning, powe | gold=6 V | pred='From the excerpt, the specified supply v'
[045][param] ok=True | What is the specified value for 'A-port VCCA' of TXB0104 | gold=1.2 V to 3.6 V | pred='The A-port VCCA for the TXB0104 device i'
[046][param] ok=False | What is the specified value for 'junction temperature' o | gold=150 °C | pred='The junction temperature (TJ) for the OP'
[047][param] ok=True | What is the specified value for 'switching frequency' of | gold=570 kHz | pred='The switching frequency of the TPS54331 '
[048][param] ok=False | What is the specified value for 'switching node pin volt | gold=30ns | pred='From the given excerpts, there is no dir'
[049][param] ok=True | What is the specified value for 'peak source/sink curren | gold=3A/5A | pred='The LM5111 can sink 5-A peak and source '
[050][param] ok=False | What is the specified value for 'operating junction temp | gold=150 °C | pred='The specified values for the operating j'
[051][param] ok=True | What is the specified value for 'supply voltage' of OPA2 | gold=5.5 V | pred='The specified supply voltage range for t'
[052][param] ok=False | What is the specified value for 'automotive temperature  | gold=-40°C to +125°C | pred='The specified temperature range for the '
[053][param] ok=False | What is the specified value for 'quiescent current (per  | gold=4 mA to 5 mA | pred='The quiescent current per amplifier is n'
[054][param] ok=False | What is the specified value for 'overtemperature' of UCC | gold=140°C | pred='The operating junction temperature range'
[055][param] ok=False | What is the specified value for 'f corner frequency' of  | gold=147 Hz | pred='The excerpt provided does not contain a '
[056][param] ok=False | What is the specified value for 'switching node pin volt | gold=30ns | pred='From the excerpts provided, there is no '
[057][param] ok=False | What is the specified value for 'source current after td | gold=10 mA | pred='From the given excerpts, the specified p'
[058][param] ok=True | What is the specified value for 'output current' of TPS6 | gold=300 mA | pred='The maximum output current for the TPS62'
[059][param] ok=True | What is the specified value for 'controller supply volta | gold=3.3 V | pred="The specified value for 'controller supp"
[060][param] ok=True | What is the specified value for 'junction-to-ambient the | gold=43.2 °C/W | pred="The specified value for 'junction-to-amb"
[061][param] ok=True | What is the specified value for 'internal power dissipat | gold=304 mW | pred='The internal power dissipation for the A'
[062][param] ok=True | What is the specified value for 'to keep the junction te | gold=125°C | pred='The specified operating junction tempera'
[063][param] ok=False | What is the specified value for 'output current for latc | gold=20 A | pred='From the excerpt, the specified value fo'
[064][param] ok=False | What is the specified value for 'RRT (frequency-setting  | gold=10 kΩ to 220 kΩ | pred='The excerpt does not provide a specific '
[065][param] ok=False | What is the specified value for 'maximum repetitive peak | gold=2121 VPK | pred='The specified value for the maximum repe'
[066][param] ok=True | What is the specified value for 'maximum continuous swit | gold=1.5 A | pred='The maximum continuous current (IMAX) fo'
[067][param] ok=False | What is the specified value for 'hz (low power only)' of | gold=12.5 Hz | pred='The excerpt does not provide a specific '
[068][param] ok=True | What is the specified value for 'operating voltage' of O | gold=2.2 V to 5.5 V | pred='The specified operating voltage range fo'
[069][param] ok=True | What is the specified value for 'supply voltage (VS)' of | gold=2.7 V to 5.5 V | pred='The specified supply voltage range for t'
[070][param] ok=True | What is the specified value for 'junction temperature, t | gold=150 °C | pred='The specified value for junction tempera'
[071][param] ok=True | What is the specified value for 'internal reference volt | gold=1.2 V | pred='The specified internal reference voltage'
[072][param] ok=True | What is the specified value for 'maximum junction temper | gold=150 °C | pred='150°C'
[073][param] ok=False | What is the specified value for 'enable and adjusting un | gold=4.3 V | pred='The typical enable threshold voltage for'
[074][param] ok=False | What is the specified value for 'rising threshold' of LM | gold=1 V | pred="The specified value for the 'rising thre"
[075][param] ok=False | What is the specified value for 'input bias current' of  | gold=±200 pA typ, ±500 pA max | pred='The input bias current for the OPA330 is'
[076][param] ok=False | What is the specified value for 'output voltage' of TPS7 | gold=3.3 V | pred='The output voltage (VOUT) of the TPS7A37'
[077][param] ok=False | What is the specified value for 'line frequency' of UCC2 | gold=47 Hz to 63 Hz | pred='The given excerpts do not specify a dire'
[078][param] ok=False | What is the specified value for 'vbus over voltage thres | gold=5.8V | pred='From the given excerpts, the VBUS Over V'
[079][param] ok=False | What is the specified value for 'enable and adjusting un | gold=4.3 V | pred='The specified internal undervoltage lock'
[080][param] ok=False | What is the specified value for 'the voltage at the pin  | gold=6.5V | pred='The provided excerpts do not specify a v'
[081][param] ok=True | What is the specified value for 'inputs accept voltages' | gold=5.5 V | pred='The SN74LVC245A inputs accept voltages u'
[082][param] ok=False | What is the specified value for 'high-side current limit | gold=4.8 A to 6.2 A | pred='The provided excerpts do not specify a v'
[083][cross] ok=False | For the datasheet parameter 'junction-to-ambient thermal | gold=TPS62150:45 °C/W|LMR14020:43 | pred='The TPS6215x has a junction-to-ambient t'
[084][cross] ok=False | For the datasheet parameter 'supply voltage', which part | gold=TMP1075:1.7 V to 5.5 V|BME28 | pred='For the supply voltage:\n- TMP1075: 5.5 V'
[085][cross] ok=False | For the datasheet parameter 'supply voltage', which part | gold=TMP1075:1.7 V to 5.5 V|OPA23 | pred='For the supply voltage:\n- TMP1075: 5.5 V'
[086][cross] ok=False | For the datasheet parameter 'supply voltage', which part | gold=BME280:1.71 V to 3.6 V|OPA23 | pred='For the BME280, the supply voltage range'
[087][cross] ok=True | For the datasheet parameter 'maximum junction temperatur | gold=SN74LVC1G14:150 °C|LM2674:15 | pred='For the maximum junction temperature:\n- '
[088][cross] ok=False | For the datasheet parameter 'input bias current', which  | gold=OPA4322:±0.2 pA typ, ±10 pA  | pred='For OPA4322, the input bias current is ±'
[089][cross] ok=True | For the datasheet parameter 'power supply recommendation | gold=SN65HVD230:3.3 V|LM5180:4.5  | pred='From the excerpts provided, the power su'
[090][cross] ok=False | For the datasheet parameter 'maximum repetitive peak iso | gold=AMC1400:2800 VPK|UCC23514:21 | pred="For the 'maximum repetitive peak isolati"
[091][cross] ok=False | For the datasheet parameter 'switching node pin voltage  | gold=DRV8323R:30ns|DRV8320:30ns | pred='The given excerpts do not contain a dire'
[092][cross] ok=False | For the datasheet parameter 'enable and adjusting underv | gold=TPS54541:4.3 V|TPS54360:4.3  | pred='For the enable and adjusting undervoltag'
[093][cross] ok=False | For 'input voltage', which is larger: TMP1075 or INA219? | gold=TMP1075:1.7 V to 5.5 V|INA21 | pred="For the 'input voltage' SCL, SDA, A1, A0"
[094][cross] ok=False | For 'input voltage', which is larger: TMP1075 or MPU9250 | gold=TMP1075:1.7 V to 5.5 V|MPU92 | pred='For input voltage:\n- TMP1075: 6.5 V (V+ '
[095][cross] ok=False | For the datasheet parameter 'safety output supply curren | gold=UCC21520:69.8°C/W|UCC21530:7 | pred='The UCC21520 specifies a maximum safety '
[096][cross] ok=False | For 'operating temperature', which is larger: TLC5947 or | gold=TLC5947:150 °C|lt1024:-55°C  | pred='For the operating temperature range:\n- T'
[097][cross] ok=False | Compare the datasheet-specified values 'gda, gdb output  | gold=UCC28060:2.5 mA|AMC3301:4 mA | pred='From the UCC28060 datasheet, the output '
[098][cross] ok=True | For 'operating temperature', which is larger: AMC1311 or | gold=AMC1311:-55°C to +125°C|TL43 | pred='The AMC1311 has a specified operating te'
[099][cross] ok=True | For 'operating temperature', which is larger: AMC1311 or | gold=AMC1311:-55°C to +125°C|TL43 | pred='The operating temperature range for the '
[100][cross] ok=False | For 'input voltage', which is larger: TMP1075 or SN65HVD | gold=TMP1075:1.7 V to 5.5 V|SN65H | pred="For the 'input voltage' SCL, SDA, A1, A0"
[101][cross] ok=False | For 'input voltage', which is larger: INA219 or OPA2365? | gold=INA219:3V to 5.5V|OPA2365:5. | pred='For the maximum input voltage:\n- INA219:'
[102][cross] ok=False | For 'input voltage', which is larger: BME280 or TMP20? G | gold=BME280:1.71 V to 3.6 V|TMP20 | pred='For input voltage:\n- BME280: VDD main su'
[103][cross] ok=False | For 'input voltage', which is larger: OPA2376 or DRV8876 | gold=OPA2376:2.2 V to 5.5 V|DRV88 | pred='The OPA2376 has a logic input voltage ra'
[104][cross] ok=True | For 'input voltage', which is larger: LM5180 or OPA192?  | gold=LM5180:4.5 V to 65 V|OPA192: | pred='For the input voltage range:\n- LM5180: 9'
[105][cross] ok=True | For 'input voltage', which is larger: SN65HVD230 or BME2 | gold=SN65HVD230:3.3 V|BME280:1.71 | pred='From the given excerpts, there are no ex'
[106][cross] ok=False | For 'input voltage', which is larger: TMP20 or INA219? G | gold=TMP20:2.7 V to 5.5 V|INA219: | pred="For 'input voltage':\n\n- TMP20: 5.5 V\n- I"
[107][cross] ok=False | For 'input voltage', which is larger: OPA192 or OPA2365? | gold=OPA192:4.5 V to 36 V|OPA2365 | pred='For input voltage range:\n- OPA192: ±22.5'
[108][cross] ok=False | For 'input voltage', which is larger: LM5180 or TMP1075? | gold=LM5180:4.5 V to 65 V|TMP1075 | pred='For input voltage:\n- LM5180: 4.5 V to 65'
[109][cross] ok=False | For 'input voltage', which is larger: DRV8876 or TMP1075 | gold=DRV8876:3.3 V|TMP1075:1.7 V  | pred="For 'input voltage':\n- TMP1075: 4 V to 6"
[110][cross] ok=True | For 'input voltage', which is larger: OPA2376 or OPA192? | gold=OPA2376:2.2 V to 5.5 V|OPA19 | pred='From the given excerpts, we can infer th'
[111][cross] ok=False | For 'input voltage', which is larger: BME280 or DRV8876? | gold=BME280:1.71 V to 3.6 V|DRV88 | pred="For 'input voltage' (V_IN):\n- BME280: 0 "
[112][cross] ok=True | For 'operating temperature', which is larger: TLC5947 or | gold=TLC5947:150 °C|LM5180:-40°C  | pred="For 'operating temperature':\n- TLC5947: "
[113][cross] ok=False | For 'operating temperature', which is larger: TXS0104E o | gold=TXS0104E:150 °C|lt1024:-55°C | pred='For operating temperature:\n- TXS0104E: 1'
[114][cross] ok=False | For 'operating temperature', which is larger: LM5180 or  | gold=LM5180:-40°C to 150°C|lt1024 | pred='For the operating temperature range:\n- L'
[115][cross] ok=True | For 'operating temperature', which is larger: BMP280 or  | gold=BMP280:-40 °C to +85 °C|stm3 | pred='The BMP280 operates in a temperature ran'
[116][cross] ok=False | For 'operating temperature', which is larger: LIS3DH or  | gold=LIS3DH:-40 °C to +85 °C|TXS0 | pred='The LIS3DH has an operating temperature '
[117][cross] ok=False | For 'operating temperature', which is larger: stm32l151c | gold=stm32l151cb:-40 °C to 105 °C | pred="For 'operating temperature':\n- STM32L151"
[118][cross] ok=True | Compare the datasheet-specified values 'output voltage'  | gold=TPS7A37:3.3 V|ADS131M02:1.2  | pred='The TPS7A37 output voltage can be set be'
[119][cross] ok=False | Compare the datasheet-specified values 'output current'  | gold=TPS62203:300 mA|DRV8412:20 A | pred='From the excerpts provided:\n\n- **TPS6220'

== QA100 acc(部分)=50/120 ==
  param  40/83 = 0.48
  cross  10/37 = 0.27
明细: eval/qa100/results_kt_rag7b_s2.json
