[00] ok=False esc=False | For the datasheet parameter 'junction-to-ambient t
[01] ok=False esc=False | For the datasheet parameter 'supply voltage', whic
[02] ok=True esc=False | For the datasheet parameter 'supply voltage', whic
[03] ok=False esc=False | For the datasheet parameter 'supply voltage', whic
[04] ok=False esc=False | For the datasheet parameter 'maximum junction temp
[05] ok=False esc=False | For the datasheet parameter 'input bias current', 
[06] ok=False esc=False | For the datasheet parameter 'power supply recommen
[07] ok=False esc=False | For the datasheet parameter 'maximum repetitive pe
[08] ok=False esc=False | For the datasheet parameter 'switching node pin vo
[09] ok=False esc=False | For the datasheet parameter 'enable and adjusting 
[10] ok=False esc=False | For 'input voltage', which is larger: TMP1075 or I
[11] ok=False esc=False | For 'input voltage', which is larger: TMP1075 or M
[12] ok=False esc=False | For the datasheet parameter 'safety output supply 
[13] ok=False esc=False | For 'operating temperature', which is larger: TLC5
[14] ok=False esc=False | Compare the datasheet-specified values 'gda, gdb o
[15] ok=True esc=False | For 'operating temperature', which is larger: AMC1
[16] ok=True esc=False | For 'operating temperature', which is larger: AMC1
[17] ok=False esc=False | For 'input voltage', which is larger: TMP1075 or S
[18] ok=False esc=False | For 'input voltage', which is larger: INA219 or OP
[19] ok=False esc=True | For 'input voltage', which is larger: BME280 or TM
[20] ok=False esc=False | For 'input voltage', which is larger: OPA2376 or D
[21] ok=False esc=False | For 'input voltage', which is larger: LM5180 or OP
[22] ok=False esc=False | For 'input voltage', which is larger: SN65HVD230 o
[23] ok=False esc=False | For 'input voltage', which is larger: TMP20 or INA
[24] ok=False esc=False | For 'input voltage', which is larger: OPA192 or OP
[25] ok=False esc=False | For 'input voltage', which is larger: LM5180 or TM
[26] ok=False esc=False | For 'input voltage', which is larger: DRV8876 or T
[27] ok=False esc=False | For 'input voltage', which is larger: OPA2376 or O
[28] ok=False esc=False | For 'input voltage', which is larger: BME280 or DR
[29] ok=False esc=False | For 'operating temperature', which is larger: TLC5
[30] ok=False esc=False | For 'operating temperature', which is larger: TXS0
[31] ok=True esc=False | For 'operating temperature', which is larger: LM51
[32] ok=True esc=True | For 'operating temperature', which is larger: BMP2
[33] ok=False esc=False | For 'operating temperature', which is larger: LIS3
[34] ok=False esc=False | For 'operating temperature', which is larger: stm3
[35] ok=False esc=False | Compare the datasheet-specified values 'output vol
[36] ok=False esc=False | Compare the datasheet-specified values 'output cur

混合路由: acc=5/37=13.5% | 升级率 2/37=5% | API tokens 5847
对照: 纯3B=5/37(13.5%) 纯API=8/37(21.6%)
RC=0
