### check 1 02:37:50
now=02:37:50 done_items=140/500 elapsed=35.4min rate=0.07/min ETA=91min (~04:08)
  rag   n=140  acc=0.3714 refused=0 avg_tok=1459 avg_lat=8.95s
  none  n=139  acc=0.0791 refused=0 avg_tok=114 avg_lat=4.13s
log_bytes=8065 err_bytes=0 summary=False
### check 2 02:52:53
now=02:52:53 done_items=188/500 elapsed=50.5min rate=0.06/min ETA=84min (~04:16)
  rag   n=188  acc=0.2819 refused=0 avg_tok=1479 avg_lat=10.08s
  none  n=188  acc=0.0638 refused=0 avg_tok=115 avg_lat=4.11s
log_bytes=16100 err_bytes=0 summary=False
### check 3 03:07:55
now=03:07:55 done_items=268/500 elapsed=65.5min rate=0.07/min ETA=57min (~04:04)
  rag   n=268  acc=0.2500 refused=0 avg_tok=1480 avg_lat=9.43s
  none  n=268  acc=0.0746 refused=0 avg_tok=117 avg_lat=4.03s
log_bytes=32246 err_bytes=0 summary=False
### check 4 03:22:57
now=03:22:57 done_items=323/500 elapsed=80.6min rate=0.07/min ETA=44min (~04:07)
  rag   n=323  acc=0.2570 refused=0 avg_tok=1473 avg_lat=9.52s
  none  n=322  acc=0.0870 refused=0 avg_tok=118 avg_lat=4.39s
log_bytes=32246 err_bytes=0 summary=False
### check 5 03:37:59
now=03:37:59 done_items=393/500 elapsed=95.6min rate=0.07/min ETA=26min (~04:04)
  rag   n=393  acc=0.2799 refused=0 avg_tok=1475 avg_lat=9.17s
  none  n=393  acc=0.0967 refused=0 avg_tok=119 avg_lat=4.36s
log_bytes=48338 err_bytes=0 summary=False
### check 6 03:53:03
now=03:53:03 done_items=479/500 elapsed=110.7min rate=0.07/min ETA=5min (~03:57)
  rag   n=479  acc=0.3132 refused=0 avg_tok=1472 avg_lat=8.86s
  none  n=478  acc=0.0879 refused=0 avg_tok=120 avg_lat=4.27s
log_bytes=56408 err_bytes=0 summary=False
### check 7 04:08:05
now=04:08:05 done_items=500/500 elapsed=125.7min rate=0.07/min ETA=0min (~04:08)
  rag   n=500  acc=0.3340 refused=0 avg_tok=1465 avg_lat=8.81s
  none  n=500  acc=0.0900 refused=0 avg_tok=121 avg_lat=4.29s
log_bytes=70254 err_bytes=0 summary=True
PROC_GONE at 04:08:07
