[000][param] ok=True | What is the specified value for 'junction temperature ra | gold=-40 °C to 105 °C | pred='-40°C to 85°C/105°C'
[001][param] ok=True | What is the specified value for 'resistances below' of L | gold=26 Ω | pred='26 Ω'
[002][param] ok=True | What is the specified value for 'maximum junction temper | gold=150 °C | pred='150°C'
[003][param] ok=False | What is the specified value for 'the current produces a  | gold=0.5V | pred='The excerpt provided does not contain th'
[004][param] ok=False | What is the specified value for 'the power converter sys | gold=4.5 V to 17 V | pred="The specified value for 'the power conve"
[005][param] ok=False | What is the specified value for 'continuous currents abo | gold=60mA | pred='8.3mA per channel'
[006][param] ok=True | What is the specified value for 'stop (flash in deep pow | gold=6 µA @ 25 °C | pred='6 µA @25 °C'
[007][param] ok=False | What is the specified value for 'rated for junction temp | gold=125°C | pred='The LM5018 (TI) datasheet does not speci'
[008][param] ok=False | What is the specified value for 'inductor current ripple | gold=266 mA | pred='The datasheet excerpt does not provide a'
[009][param] ok=True | What is the specified value for 'junction-to-ambient the | gold=45 °C/W | pred='45 °C/W'
[010][param] ok=False | What is the specified value for 'VM operating supply cur | gold=5 mA to 8 mA | pred="The specified value for 'VM operating su"
[011][param] ok=False | What is the specified value for 'supply voltage' of TMP1 | gold=1.7 V to 5.5 V | pred='Supply Voltage (VS): -4.75V至-5.25V'
[012][param] ok=False | What is the specified value for 'maximum junction temper | gold=150 °C | pred='The specified value for the maximum junc'
[013][param] ok=False | What is the specified value for 'p/n power-supply voltag | gold=3V to 5.5V | pred="The specified value for 'p/n power-suppl"
[014][param] ok=False | What is the specified value for 'under-voltage lockout h | gold=177 mV | pred="The specified value for 'under-voltage l"
[015][param] ok=False | What is the specified value for 'input bias current' of  | gold=±0.2 pA typ, ±10 pA max | pred="The specified value for 'input bias curr"
[016][param] ok=False | What is the specified value for 'vil, low level input vo | gold=-0.5V | pred='1.9V'
[017][param] ok=False | What is the specified value for 'power supply recommenda | gold=3.3 V | pred='Power supply recommendations: Vcc = 3.0V'
[018][param] ok=False | What is the specified value for 'operating junction temp | gold=150 °C | pred="The specified value for 'operating junct"
[019][param] ok=False | What is the specified value for 'maximum voltage must no | gold=6 V | pred="The specified value for the 'maximum vol"
[020][param] ok=False | What is the specified value for 'enable supply voltage'  | gold=0 V to VIN | pred='VEN(high) is specified to be greater tha'
[021][param] ok=True | What is the specified value for 'total power dissipation | gold=11 mW | pred="The specified value for 'total power dis"
[022][param] ok=True | What is the specified value for 'maximum junction temper | gold=150 °C | pred='The maximum junction temperature (TJMAX)'
[023][param] ok=False | What is the specified value for 'rated mains voltage' of | gold=≤ 150 VRMS | pred='II'
[024][param] ok=True | What is the specified value for 'threshold hysteresis' o | gold=15 mV | pred="The specified value for 'threshold hyste"
[025][param] ok=True | What is the specified value for 'temperature register re | gold=0°C | pred="The specified value for 'temperature reg"
[026][param] ok=False | What is the specified value for 'temperature range' of B | gold=-40 °C to +85 °C | pred='The specified temperature range for BMP2'
[027][param] ok=True | What is the specified value for 'operate over an extende | gold=-40 °C to +85 °C | pred='-40 °C to +85 °C'
[028][param] ok=False | What is the specified value for 'changed typical short-c | gold=300 mA | pred="The specified value for 'changed typical"
[029][param] ok=False | What is the specified value for 'power supply recommenda | gold=4.5 V to 65 V | pred='For LM5180 (TI), the power supply recomm'
[030][param] ok=False | What is the specified value for 'temperature resolution' | gold=0.03125 °C | pred='The provided datasheet excerpts do not c'
[031][param] ok=False | What is the specified value for 'junction-to-board therm | gold=25.6 °C/W | pred='1.1°C/W'
[032][param] ok=False | What is the specified value for 'operating temperature r | gold=-55°C to 125°C | pred="The specified value for the 'operating t"
[033][param] ok=False | What is the specified value for 'feedback voltage' of TP | gold=1.185 V | pred="The specified value for 'feedback voltag"
[034][param] ok=False | What is the specified value for 'maximum repetitive peak | gold=2800 VPK | pred="The specified value for the 'maximum rep"
[035][param] ok=False | What is the specified value for 'temperature sensor outp | gold=1 °C/LSB | pred='The temperature sensor output data of LI'
[036][param] ok=False | What is the specified value for 'high-side MOSFET ON-res | gold=90 mΩ to 170 mΩ | pred="The 'high-side MOSFET ON-resistance' inf"
[037][param] ok=False | What is the specified value for 'voltage on this pin' of | gold=2.5 V | pred="The specified value for 'voltage on this"
[038][param] ok=False | What is the specified value for 'maximum working voltage | gold=5000 VRMS | pred="The specified value for the 'maximum wor"
[039][param] ok=False | What is the specified value for 'recommended operating j | gold=-40°C to 150°C | pred="The specified 'recommended operating jun"
[040][param] ok=False | What is the specified value for 'transmitting power' of  | gold=9 dBm | pred="The specified value for 'transmitting po"
[041][param] ok=False | What is the specified value for 'power-supply recommenda | gold=4.5 V to 36 V | pred='The power-supply recommendations for OPA'
[042][param] ok=False | What is the specified value for 'supply voltage' of BME2 | gold=1.71 V to 3.6 V | pred="The specified value for 'supply voltage'"
[043][param] ok=False | What is the specified value for 'input offset voltage' o | gold=±0.2 mV typ, ±4 mV max | pred="The 'input offset voltage' value for OPA"
[044][param] ok=False | What is the specified value for 'critical, warning, powe | gold=6 V | pred='The datasheet does not provide specific '
[045][param] ok=True | What is the specified value for 'A-port VCCA' of TXB0104 | gold=1.2 V to 3.6 V | pred="The specified value for 'A-port VCCA' of"
[046][param] ok=False | What is the specified value for 'junction temperature' o | gold=150 °C | pred="The specified value for 'junction temper"
[047][param] ok=True | What is the specified value for 'switching frequency' of | gold=570 kHz | pred='Fixed 570-kHz switching frequency'
[048][param] ok=False | What is the specified value for 'switching node pin volt | gold=30ns | pred='0.8 to 60 V'
[049][param] ok=False | What is the specified value for 'peak source/sink curren | gold=3A/5A | pred="The specified value for 'peak source/sin"
[050][param] ok=False | What is the specified value for 'operating junction temp | gold=150 °C | pred="The specified value for 'operating junct"
[051][param] ok=True | What is the specified value for 'supply voltage' of OPA2 | gold=5.5 V | pred='2.2-V to 5.5-V'
[052][param] ok=True | What is the specified value for 'automotive temperature  | gold=-40°C to +125°C | pred='The specified automotive temperature ran'
[053][param] ok=False | What is the specified value for 'quiescent current (per  | gold=4 mA to 5 mA | pred='The quiescent current (per amplifier) fo'
[054][param] ok=False | What is the specified value for 'overtemperature' of UCC | gold=140°C | pred='Overtemperature specified value for UCC2'
[055][param] ok=False | What is the specified value for 'f corner frequency' of  | gold=147 Hz | pred='The excerpt provided does not contain an'
[056][param] ok=False | What is the specified value for 'switching node pin volt | gold=30ns | pred="The specified value for 'switching node "
[057][param] ok=False | What is the specified value for 'source current after td | gold=10 mA | pred='The provided datasheet excerpts do not c'
[058][param] ok=True | What is the specified value for 'output current' of TPS6 | gold=300 mA | pred='1.5 V/300 mA'
[059][param] ok=False | What is the specified value for 'controller supply volta | gold=3.3 V | pred='Controller supply voltage: 5V'
[060][param] ok=False | What is the specified value for 'junction-to-ambient the | gold=43.2 °C/W | pred='1.1°C/W'
[061][param] ok=False | What is the specified value for 'internal power dissipat | gold=304 mW | pred='The datasheet does not specify a value f'
[062][param] ok=True | What is the specified value for 'to keep the junction te | gold=125°C | pred='125°C'
[063][param] ok=False | What is the specified value for 'output current for latc | gold=20 A | pred='100mA'
[064][param] ok=False | What is the specified value for 'RRT (frequency-setting  | gold=10 kΩ to 220 kΩ | pred='The excerpt does not provide the specifi'
[065][param] ok=False | What is the specified value for 'maximum repetitive peak | gold=2121 VPK | pred="The specified value for 'maximum repetit"
[066][param] ok=True | What is the specified value for 'maximum continuous swit | gold=1.5 A | pred='1.5 A'
[067][param] ok=False | What is the specified value for 'hz (low power only)' of | gold=12.5 Hz | pred='19200Hz (low power only)'
[068][param] ok=False | What is the specified value for 'operating voltage' of O | gold=2.2 V to 5.5 V | pred="The specified value for 'operating volta"
[069][param] ok=False | What is the specified value for 'supply voltage (VS)' of | gold=2.7 V to 5.5 V | pred='Supply voltage (VS) of TMP20 (TI) is spe'
[070][param] ok=False | What is the specified value for 'junction temperature, t | gold=150 °C | pred='The datasheet excerpt for TL072 does not'
[071][param] ok=False | What is the specified value for 'internal reference volt | gold=1.2 V | pred='The datasheet does not provide informati'
[072][param] ok=False | What is the specified value for 'maximum junction temper | gold=150 °C | pred='The datasheet excerpt does not specify t'
[073][param] ok=False | What is the specified value for 'enable and adjusting un | gold=4.3 V | pred='The enable and adjusting undervoltage lo'
[074][param] ok=False | What is the specified value for 'rising threshold' of LM | gold=1 V | pred='The specified value for the rising thres'
[075][param] ok=False | What is the specified value for 'input bias current' of  | gold=±200 pA typ, ±500 pA max | pred="The specified value for 'input bias curr"
[076][param] ok=False | What is the specified value for 'output voltage' of TPS7 | gold=3.3 V | pred='1.2 V to 52.3 V'
[077][param] ok=False | What is the specified value for 'line frequency' of UCC2 | gold=47 Hz to 63 Hz | pred='Line frequency of UCC29950 (TI) is 50 Hz'
[078][param] ok=False | What is the specified value for 'vbus over voltage thres | gold=5.8V | pred='vbus over voltage threshold: 4.75V'
[079][param] ok=False | What is the specified value for 'enable and adjusting un | gold=4.3 V | pred='Enable and adjusting undervoltage lockou'
[080][param] ok=False | What is the specified value for 'the voltage at the pin  | gold=6.5V | pred='V > V > V IT+ (UVLO) IN IT-(OVLO) IN'
[081][param] ok=False | What is the specified value for 'inputs accept voltages' | gold=5.5 V | pred='SN74LVC245A (TI) inputs can accept volta'
[082][param] ok=False | What is the specified value for 'high-side current limit | gold=4.8 A to 6.2 A | pred="The specified 'high-side current limit' "
[083][cross] ok=True | For the datasheet parameter 'junction-to-ambient thermal | gold=TPS62150:45 °C/W|LMR14020:43 | pred='For TPS62150, the junction-to-ambient th'
[084][cross] ok=False | For the datasheet parameter 'supply voltage', which part | gold=TMP1075:1.7 V to 5.5 V|BME28 | pred='TMP1075: V+ (main supply voltage range) '
[085][cross] ok=False | For the datasheet parameter 'supply voltage', which part | gold=TMP1075:1.7 V to 5.5 V|OPA23 | pred='TMP1075: 6.5 V\nOPA2365: 2.2 V to 5.5 V'
[086][cross] ok=True | For the datasheet parameter 'supply voltage', which part | gold=BME280:1.71 V to 3.6 V|OPA23 | pred='For the BME280, the supply voltage range'
[087][cross] ok=False | For the datasheet parameter 'maximum junction temperatur | gold=SN74LVC1G14:150 °C|LM2674:15 | pred="For the datasheet parameter 'maximum jun"
[088][cross] ok=False | For the datasheet parameter 'input bias current', which  | gold=OPA4322:±0.2 pA typ, ±10 pA  | pred='OPA4322: ±200 pA\nOPA330: ±70 pA'
[089][cross] ok=False | For the datasheet parameter 'power supply recommendation | gold=SN65HVD230:3.3 V|LM5180:4.5  | pred="For the datasheet parameter 'power suppl"
[090][cross] ok=False | For the datasheet parameter 'maximum repetitive peak iso | gold=AMC1400:2800 VPK|UCC23514:21 | pred='For the AMC1400, the maximum repetitive '
[091][cross] ok=False | For the datasheet parameter 'switching node pin voltage  | gold=DRV8323R:30ns|DRV8320:30ns | pred='DRV8323R: 600 mA, DRV8320: 3 mA'
[092][cross] ok=False | For the datasheet parameter 'enable and adjusting underv | gold=TPS54541:4.3 V|TPS54360:4.3  | pred='For TPS54541, the larger value is 4.48 V'
[093][cross] ok=False | For 'input voltage', which is larger: TMP1075 or INA219? | gold=TMP1075:1.7 V to 5.5 V|INA21 | pred='TMP1075 input voltage SCL, SDA, A0: -0.3'
[094][cross] ok=False | For 'input voltage', which is larger: TMP1075 or MPU9250 | gold=TMP1075:1.7 V to 5.5 V|MPU92 | pred='TMP1075: Input voltage SCL, SDA, A0 = 6.'
[095][cross] ok=False | For the datasheet parameter 'safety output supply curren | gold=UCC21520:69.8°C/W|UCC21530:7 | pred='For the safety output supply current (IS'
[096][cross] ok=False | For 'operating temperature', which is larger: TLC5947 or | gold=TLC5947:150 °C|lt1024:-55°C  | pred='For TLC5947, the operating temperature r'
[097][cross] ok=False | Compare the datasheet-specified values 'gda, gdb output  | gold=UCC28060:2.5 mA|AMC3301:4 mA | pred='For UCC28060, GDA, GDB output voltage is'
[098][cross] ok=False | For 'operating temperature', which is larger: AMC1311 or | gold=AMC1311:-55°C to +125°C|TL43 | pred='TL431: -40°C to 85°C\nAMC1311: -55°C to 1'
[099][cross] ok=False | For 'operating temperature', which is larger: AMC1311 or | gold=AMC1311:-55°C to +125°C|TL43 | pred='TL432: -40°C to 85°C\nAMC1311: -55°C to 1'
[100][cross] ok=False | For 'input voltage', which is larger: TMP1075 or SN65HVD | gold=TMP1075:1.7 V to 5.5 V|SN65H | pred='TMP1075 input voltage SCL, SDA, A0: 6.5 '
[101][cross] ok=False | For 'input voltage', which is larger: INA219 or OPA2365? | gold=INA219:3V to 5.5V|OPA2365:5. | pred='For INA219, the input voltage range is V'
[102][cross] ok=False | For 'input voltage', which is larger: BME280 or TMP20? G | gold=BME280:1.71 V to 3.6 V|TMP20 | pred='BME280: Not specified in excerpt\nTMP20: '
[103][cross] ok=False | For 'input voltage', which is larger: OPA2376 or DRV8876 | gold=OPA2376:2.2 V to 5.5 V|DRV88 | pred='OPA2376: NOM = 4.5 V, MAX = 37 V\nDRV8876'
[104][cross] ok=False | For 'input voltage', which is larger: LM5180 or OPA192?  | gold=LM5180:4.5 V to 65 V|OPA192: | pred='LM5180: Input voltage range (steady stat'
[105][cross] ok=False | For 'input voltage', which is larger: SN65HVD230 or BME2 | gold=SN65HVD230:3.3 V|BME280:1.71 | pred='For SN65HVD230, the input voltage range '
[106][cross] ok=False | For 'input voltage', which is larger: TMP20 or INA219? G | gold=TMP20:2.7 V to 5.5 V|INA219: | pred='TMP20: Supply Voltage Range: 1.8 V to 5.'
[107][cross] ok=False | For 'input voltage', which is larger: OPA192 or OPA2365? | gold=OPA192:4.5 V to 36 V|OPA2365 | pred='OPA192: VCM\nOPA2365: VCM'
[108][cross] ok=False | For 'input voltage', which is larger: LM5180 or TMP1075? | gold=LM5180:4.5 V to 65 V|TMP1075 | pred='LM5180: 65 V\nTMP1075: 6.5 V'
[109][cross] ok=False | For 'input voltage', which is larger: DRV8876 or TMP1075 | gold=DRV8876:3.3 V|TMP1075:1.7 V  | pred='DRV8876: 4.5 37 V\nTMP1075: -0.3 6.5 V'
[110][cross] ok=False | For 'input voltage', which is larger: OPA2376 or OPA192? | gold=OPA2376:2.2 V to 5.5 V|OPA19 | pred='OPA2376: MIN -40 V, NOM -2.2 V, MAX 5.5 '
[111][cross] ok=False | For 'input voltage', which is larger: BME280 or DRV8876? | gold=BME280:1.71 V to 3.6 V|DRV88 | pred='BME280: NOM 37 V MAX\nDRV8876: NOM 5.5 V '
[112][cross] ok=True | For 'operating temperature', which is larger: TLC5947 or | gold=TLC5947:150 °C|LM5180:-40°C  | pred='For TLC5947, the operating temperature r'
[113][cross] ok=False | For 'operating temperature', which is larger: TXS0104E o | gold=TXS0104E:150 °C|lt1024:-55°C | pred='TXS0104E: over recommended operating fre'
[114][cross] ok=True | For 'operating temperature', which is larger: LM5180 or  | gold=LM5180:-40°C to 150°C|lt1024 | pred='LM5180: -40°C to 150°C\nlt1024: -55°C to '
[115][cross] ok=True | For 'operating temperature', which is larger: BMP280 or  | gold=BMP280:-40 °C to +85 °C|stm3 | pred='BMP280: -40°C to 85°C/105°C\nstm32l151cb:'
[116][cross] ok=False | For 'operating temperature', which is larger: LIS3DH or  | gold=LIS3DH:-40 °C to +85 °C|TXS0 | pred='LIS3DH: -40 to +85 °C\nTXS0104E: -40 to +'
[117][cross] ok=False | For 'operating temperature', which is larger: stm32l151c | gold=stm32l151cb:-40 °C to 105 °C | pred='stm32l151cb: -40°C to 85°C/105°C\nTLC5947'
[118][cross] ok=False | Compare the datasheet-specified values 'output voltage'  | gold=TPS7A37:3.3 V|ADS131M02:1.2  | pred='TPS7A37 VOUT: 5.5 V\nADS131M02 REFERENCE '
[119][cross] ok=False | Compare the datasheet-specified values 'output current'  | gold=TPS62203:300 mA|DRV8412:20 A | pred='TPS62203 output current: 300 mA\nDRV8412 '

== QA100 acc(部分)=22/120 ==
  param  17/83 = 0.20
  cross  5/37 = 0.14
明细: eval/qa100/results_m_rag3b.json
