[000][param] ok=True | What is the specified value for 'junction temperature ra | gold=-40 °C to 105 °C | pred='The specified value for the junction tem'
[001][param] ok=False | What is the specified value for 'resistances below' of L | gold=26 Ω | pred='The datasheet excerpts do not provide sp'
[002][param] ok=True | What is the specified value for 'maximum junction temper | gold=150 °C | pred="The specified value for 'maximum junctio"
[003][param] ok=True | What is the specified value for 'the current produces a  | gold=0.5V | pred='The current that produces a voltage drop'
[004][param] ok=False | What is the specified value for 'the power converter sys | gold=4.5 V to 17 V | pred='The specified value for the power conver'
[005][param] ok=False | What is the specified value for 'continuous currents abo | gold=60mA | pred='The datasheet does not specify a value f'
[006][param] ok=False | What is the specified value for 'stop (flash in deep pow | gold=6 µA @ 25 °C | pred="The specified value for 'stop (flash in "
[007][param] ok=False | What is the specified value for 'rated for junction temp | gold=125°C | pred='The datasheet does not specify a value f'
[008][param] ok=False | What is the specified value for 'inductor current ripple | gold=266 mA | pred='The datasheet excerpt does not provide a'
[009][param] ok=False | What is the specified value for 'junction-to-ambient the | gold=45 °C/W | pred='The datasheet does not specify the junct'
[010][param] ok=False | What is the specified value for 'VM operating supply cur | gold=5 mA to 8 mA | pred="The specified value for 'VM operating su"
[011][param] ok=False | What is the specified value for 'supply voltage' of TMP1 | gold=1.7 V to 5.5 V | pred="The specified value for 'supply voltage'"
[012][param] ok=False | What is the specified value for 'maximum junction temper | gold=150 °C | pred='The datasheet does not specify the maxim'
[013][param] ok=True | What is the specified value for 'p/n power-supply voltag | gold=3V to 5.5V | pred="The specified value for 'p/n power-suppl"
[014][param] ok=True | What is the specified value for 'under-voltage lockout h | gold=177 mV | pred='The under-voltage lockout hysteresis for'
[015][param] ok=False | What is the specified value for 'input bias current' of  | gold=±0.2 pA typ, ±10 pA max | pred='The datasheet does not specify the input'
[016][param] ok=True | What is the specified value for 'vil, low level input vo | gold=-0.5V | pred='VIL, Low Level Input Voltage IL is speci'
[017][param] ok=True | What is the specified value for 'power supply recommenda | gold=3.3 V | pred='3.3-V Power'
[018][param] ok=False | What is the specified value for 'operating junction temp | gold=150 °C | pred='The datasheet does not explicitly state '
[019][param] ok=True | What is the specified value for 'maximum voltage must no | gold=6 V | pred="The specified value for 'maximum voltage"
[020][param] ok=False | What is the specified value for 'enable supply voltage'  | gold=0 V to VIN | pred='VEN(min) is specified as VEN ≤ VIN, indi'
[021][param] ok=True | What is the specified value for 'total power dissipation | gold=11 mW | pred="The specified value for 'total power dis"
[022][param] ok=True | What is the specified value for 'maximum junction temper | gold=150 °C | pred="The specified value for 'maximum junctio"
[023][param] ok=False | What is the specified value for 'rated mains voltage' of | gold=≤ 150 VRMS | pred="The datasheet does not specify a 'rated "
[024][param] ok=True | What is the specified value for 'threshold hysteresis' o | gold=15 mV | pred="The specified value for 'threshold hyste"
[025][param] ok=True | What is the specified value for 'temperature register re | gold=0°C | pred='The TMP104 temperature register reads 0°'
[026][param] ok=False | What is the specified value for 'temperature range' of B | gold=-40 °C to +85 °C | pred="The specified value for 'temperature ran"
[027][param] ok=False | What is the specified value for 'operate over an extende | gold=-40 °C to +85 °C | pred='The datasheet does not specify a value f'
[028][param] ok=False | What is the specified value for 'changed typical short-c | gold=300 mA | pred='The excerpt provided does not contain in'
[029][param] ok=False | What is the specified value for 'power supply recommenda | gold=4.5 V to 65 V | pred='The datasheet does not provide specific '
[030][param] ok=False | What is the specified value for 'temperature resolution' | gold=0.03125 °C | pred='The datasheet does not specify a tempera'
[031][param] ok=True | What is the specified value for 'junction-to-board therm | gold=25.6 °C/W | pred="The specified value for 'junction-to-boa"
[032][param] ok=False | What is the specified value for 'operating temperature r | gold=-55°C to 125°C | pred='The operating temperature range for LT10'
[033][param] ok=False | What is the specified value for 'feedback voltage' of TP | gold=1.185 V | pred='The feedback voltage (VFB(nom)) for TPS7'
[034][param] ok=True | What is the specified value for 'maximum repetitive peak | gold=2800 VPK | pred="The specified value for the 'maximum rep"
[035][param] ok=False | What is the specified value for 'temperature sensor outp | gold=1 °C/LSB | pred='The datasheet does not specify a value f'
[036][param] ok=False | What is the specified value for 'high-side MOSFET ON-res | gold=90 mΩ to 170 mΩ | pred='The datasheet does not specify the ON-re'
[037][param] ok=True | What is the specified value for 'voltage on this pin' of | gold=2.5 V | pred='The voltage on this pin (SOIC/D) of UCC2'
[038][param] ok=False | What is the specified value for 'maximum working voltage | gold=5000 VRMS | pred="The datasheet does not specify a 'maximu"
[039][param] ok=True | What is the specified value for 'recommended operating j | gold=-40°C to 150°C | pred='The specified value for the recommended '
[040][param] ok=False | What is the specified value for 'transmitting power' of  | gold=9 dBm | pred='The datasheet does not specify a direct '
[041][param] ok=True | What is the specified value for 'power-supply recommenda | gold=4.5 V to 36 V | pred='The datasheet does not provide specific '
[042][param] ok=True | What is the specified value for 'supply voltage' of BME2 | gold=1.71 V to 3.6 V | pred='VDD main supply voltage range: 1.71 V to'
[043][param] ok=False | What is the specified value for 'input offset voltage' o | gold=±0.2 mV typ, ±4 mV max | pred="The specified value for 'input offset vo"
[044][param] ok=False | What is the specified value for 'critical, warning, powe | gold=6 V | pred="The specified values for 'critical, warn"
[045][param] ok=True | What is the specified value for 'A-port VCCA' of TXB0104 | gold=1.2 V to 3.6 V | pred="The specified value for 'A-port VCCA' of"
[046][param] ok=False | What is the specified value for 'junction temperature' o | gold=150 °C | pred="The specified value for 'junction temper"
[047][param] ok=True | What is the specified value for 'switching frequency' of | gold=570 kHz | pred='The specified value for the switching fr'
[048][param] ok=False | What is the specified value for 'switching node pin volt | gold=30ns | pred='The switching node pin voltage less than'
[049][param] ok=False | What is the specified value for 'peak source/sink curren | gold=3A/5A | pred='The LM5111 (TI) has a specified peak sou'
[050][param] ok=False | What is the specified value for 'operating junction temp | gold=150 °C | pred='The specified value for the operating ju'
[051][param] ok=True | What is the specified value for 'supply voltage' of OPA2 | gold=5.5 V | pred='The specified value for the supply volta'
[052][param] ok=False | What is the specified value for 'automotive temperature  | gold=-40°C to +125°C | pred="The specified value for the 'automotive "
[053][param] ok=False | What is the specified value for 'quiescent current (per  | gold=4 mA to 5 mA | pred='The datasheet does not specify the quies'
[054][param] ok=False | What is the specified value for 'overtemperature' of UCC | gold=140°C | pred='The specified value for overtemperature '
[055][param] ok=False | What is the specified value for 'f corner frequency' of  | gold=147 Hz | pred="The datasheet does not specify a 'f corn"
[056][param] ok=False | What is the specified value for 'switching node pin volt | gold=30ns | pred='The switching node pin voltage less than'
[057][param] ok=False | What is the specified value for 'source current after td | gold=10 mA | pred='The datasheet does not specify a direct '
[058][param] ok=True | What is the specified value for 'output current' of TPS6 | gold=300 mA | pred='The specified value for the output curre'
[059][param] ok=True | What is the specified value for 'controller supply volta | gold=3.3 V | pred="The specified value for 'controller supp"
[060][param] ok=True | What is the specified value for 'junction-to-ambient the | gold=43.2 °C/W | pred="The specified value for 'junction-to-amb"
[061][param] ok=True | What is the specified value for 'internal power dissipat | gold=304 mW | pred='The specified internal power dissipation'
[062][param] ok=True | What is the specified value for 'to keep the junction te | gold=125°C | pred='PART NUMBER(2)\n–40°C to 125°C'
[063][param] ok=False | What is the specified value for 'output current for latc | gold=20 A | pred='The document does not specify a value fo'
[064][param] ok=False | What is the specified value for 'RRT (frequency-setting  | gold=10 kΩ to 220 kΩ | pred="The 'RRT (frequency-setting resistor)' r"
[065][param] ok=False | What is the specified value for 'maximum repetitive peak | gold=2121 VPK | pred='5.0-kVRMS'
[066][param] ok=True | What is the specified value for 'maximum continuous swit | gold=1.5 A | pred='The datasheet does not explicitly state '
[067][param] ok=False | What is the specified value for 'hz (low power only)' of | gold=12.5 Hz | pred="The 'hz (low power only)' value for LSM6"
[068][param] ok=True | What is the specified value for 'operating voltage' of O | gold=2.2 V to 5.5 V | pred='The specified value for the operating vo'
[069][param] ok=True | What is the specified value for 'supply voltage (VS)' of | gold=2.7 V to 5.5 V | pred="The specified value for 'supply voltage "
[070][param] ok=True | What is the specified value for 'junction temperature, t | gold=150 °C | pred='The specified value for junction tempera'
[071][param] ok=True | What is the specified value for 'internal reference volt | gold=1.2 V | pred='The internal reference voltage of ADS131'
[072][param] ok=True | What is the specified value for 'maximum junction temper | gold=150 °C | pred='The specified value for the maximum junc'
[073][param] ok=False | What is the specified value for 'enable and adjusting un | gold=4.3 V | pred="The specified value for the 'enable and "
[074][param] ok=False | What is the specified value for 'rising threshold' of LM | gold=1 V | pred='The rising threshold (VPG-LOW-UP) for th'
[075][param] ok=False | What is the specified value for 'input bias current' of  | gold=±200 pA typ, ±500 pA max | pred='The input bias current for OPA330 is 50 '
[076][param] ok=True | What is the specified value for 'output voltage' of TPS7 | gold=3.3 V | pred='The TPS7A37 can have an output voltage o'
[077][param] ok=False | What is the specified value for 'line frequency' of UCC2 | gold=47 Hz to 63 Hz | pred='The line frequency (or input frequency) '
[078][param] ok=False | What is the specified value for 'vbus over voltage thres | gold=5.8V | pred='The VBUS over voltage threshold for the '
[079][param] ok=False | What is the specified value for 'enable and adjusting un | gold=4.3 V | pred="The specified value for the 'enable and "
[080][param] ok=False | What is the specified value for 'the voltage at the pin  | gold=6.5V | pred='The datasheet does not specify a value f'
[081][param] ok=True | What is the specified value for 'inputs accept voltages' | gold=5.5 V | pred='The SN74LVC245A inputs accept voltages u'
[082][param] ok=False | What is the specified value for 'high-side current limit | gold=4.8 A to 6.2 A | pred="The datasheet does not specify a 'high-s"
[083][cross] ok=True | For the datasheet parameter 'junction-to-ambient thermal | gold=TPS62150:45 °C/W|LMR14020:43 | pred='For TPS62150: RθJA = 45 °C/W\nFor LMR1402'
[084][cross] ok=False | For the datasheet parameter 'supply voltage', which part | gold=TMP1075:1.7 V to 5.5 V|BME28 | pred='TMP1075: 1.7 V to 5.5 V\nBME280: VDD main'
[085][cross] ok=True | For the datasheet parameter 'supply voltage', which part | gold=TMP1075:1.7 V to 5.5 V|OPA23 | pred='TMP1075: 1.7 V to 5.5 V\nOPA2365: 2.2 V t'
[086][cross] ok=False | For the datasheet parameter 'supply voltage', which part | gold=BME280:1.71 V to 3.6 V|OPA23 | pred='For the BME280, the supply voltage range'
[087][cross] ok=False | For the datasheet parameter 'maximum junction temperatur | gold=SN74LVC1G14:150 °C|LM2674:15 | pred='SN74LVC1G4: 150°C\nLM2674: 150°C'
[088][cross] ok=False | For the datasheet parameter 'input bias current', which  | gold=OPA4322:±0.2 pA typ, ±10 pA  | pred='OPA4322: ±200 pA\nOPA330: ±300 pA'
[089][cross] ok=False | For the datasheet parameter 'power supply recommendation | gold=SN65HVD230:3.3 V|LM5180:4.5  | pred='SN65HVD230: 3.3-V\nLM5180: 9.5 V to 65 V'
[090][cross] ok=False | For the datasheet parameter 'maximum repetitive peak iso | gold=AMC1400:2800 VPK|UCC23514:21 | pred='For AMC1400: V IORM = 100 kV/μs (min)\nFo'
[091][cross] ok=False | For the datasheet parameter 'switching node pin voltage  | gold=DRV8323R:30ns|DRV8320:30ns | pred='DRV8323R: 0.3 V\nDRV8320: 0.3 V'
[092][cross] ok=True | For the datasheet parameter 'enable and adjusting underv | gold=TPS54541:4.3 V|TPS54360:4.3  | pred='For TPS54541, the enable and adjusting u'
[093][cross] ok=False | For 'input voltage', which is larger: TMP1075 or INA219? | gold=TMP1075:1.7 V to 5.5 V|INA21 | pred='TMP1075: 6.5 V\nINA219: 26 V'
[094][cross] ok=False | For 'input voltage', which is larger: TMP1075 or MPU9250 | gold=TMP1075:1.7 V to 5.5 V|MPU92 | pred='TMP1075: V+ = 6.5V\nMPU9250: VDDIO = 0.7 '
[095][cross] ok=False | For the datasheet parameter 'safety output supply curren | gold=UCC21520:69.8°C/W|UCC21530:7 | pred='For UCC21520: DRIVER A, DRIVER B = 870 m'
[096][cross] ok=False | For 'operating temperature', which is larger: TLC5947 or | gold=TLC5947:150 °C|lt1024:-55°C  | pred='TLC5947: -40 to 85°C\nlt1024: -55°C to 12'
[097][cross] ok=False | Compare the datasheet-specified values 'gda, gdb output  | gold=UCC28060:2.5 mA|AMC3301:4 mA | pred='UCC28060 GDA output voltage UV: 390 V\nAM'
[098][cross] ok=True | For 'operating temperature', which is larger: AMC1311 or | gold=AMC1311:-55°C to +125°C|TL43 | pred='AMC1311: -55°C to +125°C\nTL431: -65°C to'
[099][cross] ok=True | For 'operating temperature', which is larger: AMC1311 or | gold=AMC1311:-55°C to +125°C|TL43 | pred='AMC1311: -55°C to +125°C\nTL432: -65°C to'
[100][cross] ok=False | For 'input voltage', which is larger: TMP1075 or SN65HVD | gold=TMP1075:1.7 V to 5.5 V|SN65H | pred='TMP1075: 6.5 V\nSN65HVD230: 1.5 V'
[101][cross] ok=False | For 'input voltage', which is larger: INA219 or OPA2365? | gold=INA219:3V to 5.5V|OPA2365:5. | pred='INA219: 26 V\nOPA2365: Not specified in t'
[102][cross] ok=False | For 'input voltage', which is larger: BME280 or TMP20? G | gold=BME280:1.71 V to 3.6 V|TMP20 | pred='BME280: Not specified in excerpt\nTMP20: '
[103][cross] ok=False | For 'input voltage', which is larger: OPA2376 or DRV8876 | gold=OPA2376:2.2 V to 5.5 V|DRV88 | pred='For DRV8876:\n- MIN: 0 V\n- NOM: 0 V\n- MAX'
[104][cross] ok=False | For 'input voltage', which is larger: LM5180 or OPA192?  | gold=LM5180:4.5 V to 65 V|OPA192: | pred='For LM5180: 9.5 V to 65 V\nOPA192: Not sp'
[105][cross] ok=False | For 'input voltage', which is larger: SN65HVD230 or BME2 | gold=SN65HVD230:3.3 V|BME280:1.71 | pred='SN65HVD230: VCC = 3.6 V, 3.3 V, 3 V\nBME2'
[106][cross] ok=False | For 'input voltage', which is larger: TMP20 or INA219? G | gold=TMP20:2.7 V to 5.5 V|INA219: | pred='TMP20 does not specify an input voltage '
[107][cross] ok=False | For 'input voltage', which is larger: OPA192 or OPA2365? | gold=OPA192:4.5 V to 36 V|OPA2365 | pred='OPA192: 4.5 (±2.25) V\nOPA2365: 2.2 V to '
[108][cross] ok=False | For 'input voltage', which is larger: LM5180 or TMP1075? | gold=LM5180:4.5 V to 65 V|TMP1075 | pred='TMP1075 has a larger input voltage range'
[109][cross] ok=False | For 'input voltage', which is larger: DRV8876 or TMP1075 | gold=DRV8876:3.3 V|TMP1075:1.7 V  | pred='DRV8876: 4.5 V\nTMP1075: -0.3 V'
[110][cross] ok=False | For 'input voltage', which is larger: OPA2376 or OPA192? | gold=OPA2376:2.2 V to 5.5 V|OPA19 | pred='OPA2376: No specific input voltage value'
[111][cross] ok=False | For 'input voltage', which is larger: BME280 or DRV8876? | gold=BME280:1.71 V to 3.6 V|DRV88 | pred='DRV8876: V IN | MAX: 5.5 V\nBME280: No sp'
[112][cross] ok=False | For 'operating temperature', which is larger: TLC5947 or | gold=TLC5947:150 °C|LM5180:-40°C  | pred='For TLC5947: -40 to 85 °C\nFor LM5180: -4'
[113][cross] ok=False | For 'operating temperature', which is larger: TXS0104E o | gold=TXS0104E:150 °C|lt1024:-55°C | pred='TXS0104E: -55°C to 125°C\nlt1024: -55°C t'
[114][cross] ok=True | For 'operating temperature', which is larger: LM5180 or  | gold=LM5180:-40°C to 150°C|lt1024 | pred='LM5180: -40°C to 150°C\nlt1024: -55°C to '
[115][cross] ok=True | For 'operating temperature', which is larger: BMP280 or  | gold=BMP280:-40 °C to +85 °C|stm3 | pred='BMP280: -40°C to 85°C/105°C\nstm32l151cb:'
[116][cross] ok=False | For 'operating temperature', which is larger: LIS3DH or  | gold=LIS3DH:-40 °C to +85 °C|TXS0 | pred='LIS3DH: -40 to +85 °C\nTXS0104E: -40 to +'
[117][cross] ok=False | For 'operating temperature', which is larger: stm32l151c | gold=stm32l151cb:-40 °C to 105 °C | pred='stm32l151cb: -40°C to 85°C\nTLC5947: -40 '
[118][cross] ok=False | Compare the datasheet-specified values 'output voltage'  | gold=TPS7A37:3.3 V|ADS131M02:1.2  | pred='TPS7A37 output voltage: not specified\nAD'
[119][cross] ok=False | Compare the datasheet-specified values 'output current'  | gold=TPS62203:300 mA|DRV8412:20 A | pred='TPS62203 output current: 200 mA\nDRV8412 '

== QA100 acc(部分)=41/120 ==
  param  34/83 = 0.41
  cross  7/37 = 0.19
明细: eval/qa100/results_v31_rag3b_loose.json
