[000][param] ok=True | What is the specified value for 'junction temperature ra | gold=-40 °C to 105 °C | pred='The temperature range for the STM32L151C'
[001][param] ok=False | What is the specified value for 'resistances below' of L | gold=26 Ω | pred='Based on the excerpts provided, the spec'
[002][param] ok=True | What is the specified value for 'maximum junction temper | gold=150 °C | pred='150°C'
[003][param] ok=True | What is the specified value for 'the current produces a  | gold=0.5V | pred='The specified value for the current that'
[004][param] ok=True | What is the specified value for 'the power converter sys | gold=4.5 V to 17 V | pred='- Input voltage (VIN): 4.5 V to 17 V\n- P'
[005][param] ok=False | What is the specified value for 'continuous currents abo | gold=60mA | pred='The specified continuous current above t'
[006][param] ok=True | What is the specified value for 'stop (flash in deep pow | gold=6 µA @ 25 °C | pred='6 µA @ 25 °C'
[007][param] ok=False | What is the specified value for 'rated for junction temp | gold=125°C | pred='The excerpt provided does not contain th'
[008][param] ok=False | What is the specified value for 'inductor current ripple | gold=266 mA | pred='Based on the given excerpts, the specifi'
[009][param] ok=False | What is the specified value for 'junction-to-ambient the | gold=45 °C/W | pred="The specified value for 'junction-to-amb"
[010][param] ok=False | What is the specified value for 'VM operating supply cur | gold=5 mA to 8 mA | pred="The specified value for 'VM operating su"
[011][param] ok=True | What is the specified value for 'supply voltage' of TMP1 | gold=1.7 V to 5.5 V | pred='The specified supply voltage range for t'
[012][param] ok=True | What is the specified value for 'maximum junction temper | gold=150 °C | pred="The specified value for 'maximum junctio"
[013][param] ok=True | What is the specified value for 'p/n power-supply voltag | gold=3V to 5.5V | pred='The specified power-supply voltage range'
[014][param] ok=True | What is the specified value for 'under-voltage lockout h | gold=177 mV | pred="The specified value for 'under-voltage l"
[015][param] ok=False | What is the specified value for 'input bias current' of  | gold=±0.2 pA typ, ±10 pA max | pred='From the given excerpts, the specified i'
[016][param] ok=False | What is the specified value for 'vil, low level input vo | gold=-0.5V | pred="The specified value for 'vil, low level "
[017][param] ok=True | What is the specified value for 'power supply recommenda | gold=3.3 V | pred='The datasheet mentions a 3.3-V power sup'
[018][param] ok=False | What is the specified value for 'operating junction temp | gold=150 °C | pred="The specified value for 'operating junct"
[019][param] ok=True | What is the specified value for 'maximum voltage must no | gold=6 V | pred='The specified maximum voltage must not e'
[020][param] ok=False | What is the specified value for 'enable supply voltage'  | gold=0 V to VIN | pred='The datasheet does not explicitly provid'
[021][param] ok=True | What is the specified value for 'total power dissipation | gold=11 mW | pred="The specified value for 'total power dis"
[022][param] ok=True | What is the specified value for 'maximum junction temper | gold=150 °C | pred="The specified value for 'maximum junctio"
[023][param] ok=False | What is the specified value for 'rated mains voltage' of | gold=≤ 150 VRMS | pred="The specified value for 'rated mains vol"
[024][param] ok=True | What is the specified value for 'threshold hysteresis' o | gold=15 mV | pred='The threshold hysteresis for UCC2946 is '
[025][param] ok=True | What is the specified value for 'temperature register re | gold=0°C | pred='The temperature register of the TMP104 r'
[026][param] ok=True | What is the specified value for 'temperature range' of B | gold=-40 °C to +85 °C | pred='The specified temperature range for the '
[027][param] ok=True | What is the specified value for 'operate over an extende | gold=-40 °C to +85 °C | pred='The specified operating temperature rang'
[028][param] ok=False | What is the specified value for 'changed typical short-c | gold=300 mA | pred='The provided excerpts do not contain a s'
[029][param] ok=False | What is the specified value for 'power supply recommenda | gold=4.5 V to 65 V | pred='Based on the given excerpts, there is no'
[030][param] ok=False | What is the specified value for 'temperature resolution' | gold=0.03125 °C | pred='From the provided datasheet excerpts, th'
[031][param] ok=True | What is the specified value for 'junction-to-board therm | gold=25.6 °C/W | pred="The specified value for 'junction-to-boa"
[032][param] ok=False | What is the specified value for 'operating temperature r | gold=-55°C to 125°C | pred='The specified operating temperature rang'
[033][param] ok=False | What is the specified value for 'feedback voltage' of TP | gold=1.185 V | pred='From the excerpt, the nominal feedback v'
[034][param] ok=True | What is the specified value for 'maximum repetitive peak | gold=2800 VPK | pred="The specified value for 'maximum repetit"
[035][param] ok=False | What is the specified value for 'temperature sensor outp | gold=1 °C/LSB | pred='The datasheet does not provide a specifi'
[036][param] ok=False | What is the specified value for 'high-side MOSFET ON-res | gold=90 mΩ to 170 mΩ | pred='The datasheet excerpt does not provide a'
[037][param] ok=True | What is the specified value for 'voltage on this pin' of | gold=2.5 V | pred="The specified value for 'voltage on this"
[038][param] ok=False | What is the specified value for 'maximum working voltage | gold=5000 VRMS | pred='From the excerpt, the maximum supply vol'
[039][param] ok=True | What is the specified value for 'recommended operating j | gold=-40°C to 150°C | pred='The specified value for the recommended '
[040][param] ok=False | What is the specified value for 'transmitting power' of  | gold=9 dBm | pred='From the provided excerpts, there is no '
[041][param] ok=True | What is the specified value for 'power-supply recommenda | gold=4.5 V to 36 V | pred='The datasheet does not explicitly provid'
[042][param] ok=True | What is the specified value for 'supply voltage' of BME2 | gold=1.71 V to 3.6 V | pred='- VDD main supply voltage range: 1.71 V '
[043][param] ok=False | What is the specified value for 'input offset voltage' o | gold=±0.2 mV typ, ±4 mV max | pred="The specified value for 'input offset vo"
[044][param] ok=False | What is the specified value for 'critical, warning, powe | gold=6 V | pred='The maximum shunt voltage for the INA322'
[045][param] ok=True | What is the specified value for 'A-port VCCA' of TXB0104 | gold=1.2 V to 3.6 V | pred='The A-port VCCA for the TXB0104 device i'
[046][param] ok=False | What is the specified value for 'junction temperature' o | gold=150 °C | pred='From the thermal information section, th'
[047][param] ok=True | What is the specified value for 'switching frequency' of | gold=570 kHz | pred='The switching frequency of the TPS54331 '
[048][param] ok=False | What is the specified value for 'switching node pin volt | gold=30ns | pred='The datasheet does not explicitly state '
[049][param] ok=True | What is the specified value for 'peak source/sink curren | gold=3A/5A | pred='The LM5111 can source up to 3 A and sink'
[050][param] ok=False | What is the specified value for 'operating junction temp | gold=150 °C | pred='From the given excerpts, the specified o'
[051][param] ok=True | What is the specified value for 'supply voltage' of OPA2 | gold=5.5 V | pred='The specified supply voltage range for t'
[052][param] ok=False | What is the specified value for 'automotive temperature  | gold=-40°C to +125°C | pred="The specified value for the 'automotive "
[053][param] ok=False | What is the specified value for 'quiescent current (per  | gold=4 mA to 5 mA | pred='From the given datasheet excerpts, the q'
[054][param] ok=False | What is the specified value for 'overtemperature' of UCC | gold=140°C | pred='The operating junction temperature range'
[055][param] ok=False | What is the specified value for 'f corner frequency' of  | gold=147 Hz | pred='From the given excerpts, there is no exp'
[056][param] ok=False | What is the specified value for 'switching node pin volt | gold=30ns | pred='The switching node pin (CPH) on the DRV8'
[057][param] ok=False | What is the specified value for 'source current after td | gold=10 mA | pred='The specified source current after tDRIV'
[058][param] ok=True | What is the specified value for 'output current' of TPS6 | gold=300 mA | pred='The maximum output current for the TPS62'
[059][param] ok=True | What is the specified value for 'controller supply volta | gold=3.3 V | pred="The specified value for 'controller supp"
[060][param] ok=True | What is the specified value for 'junction-to-ambient the | gold=43.2 °C/W | pred="The specified value for 'junction-to-amb"
[061][param] ok=True | What is the specified value for 'internal power dissipat | gold=304 mW | pred='304 mW'
[062][param] ok=True | What is the specified value for 'to keep the junction te | gold=125°C | pred='The specified operating junction tempera'
[063][param] ok=False | What is the specified value for 'output current for latc | gold=20 A | pred="The specified value for 'output current "
[064][param] ok=False | What is the specified value for 'RRT (frequency-setting  | gold=10 kΩ to 220 kΩ | pred='The excerpt does not provide a specific '
[065][param] ok=False | What is the specified value for 'maximum repetitive peak | gold=2121 VPK | pred='The specified value for the maximum repe'
[066][param] ok=True | What is the specified value for 'maximum continuous swit | gold=1.5 A | pred='The maximum continuous current (IMAX) fo'
[067][param] ok=False | What is the specified value for 'hz (low power only)' of | gold=12.5 Hz | pred='The excerpt provided does not contain th'
[068][param] ok=True | What is the specified value for 'operating voltage' of O | gold=2.2 V to 5.5 V | pred='The specified operating voltage range fo'
[069][param] ok=True | What is the specified value for 'supply voltage (VS)' of | gold=2.7 V to 5.5 V | pred='The specified supply voltage range for t'
[070][param] ok=True | What is the specified value for 'junction temperature, t | gold=150 °C | pred='The specified value for junction tempera'
[071][param] ok=True | What is the specified value for 'internal reference volt | gold=1.2 V | pred='The specified value for the internal ref'
[072][param] ok=True | What is the specified value for 'maximum junction temper | gold=150 °C | pred="The specified value for 'maximum junctio"
[073][param] ok=True | What is the specified value for 'enable and adjusting un | gold=4.3 V | pred='From the datasheet excerpt, the internal'
[074][param] ok=False | What is the specified value for 'rising threshold' of LM | gold=1 V | pred="The specified value for the 'rising thre"
[075][param] ok=False | What is the specified value for 'input bias current' of  | gold=±200 pA typ, ±500 pA max | pred='The input bias current for the OPA330 is'
[076][param] ok=True | What is the specified value for 'output voltage' of TPS7 | gold=3.3 V | pred='From the excerpts, the output voltage (V'
[077][param] ok=False | What is the specified value for 'line frequency' of UCC2 | gold=47 Hz to 63 Hz | pred='The given excerpts do not specify a conc'
[078][param] ok=False | What is the specified value for 'vbus over voltage thres | gold=5.8V | pred='The datasheet does not explicitly provid'
[079][param] ok=False | What is the specified value for 'enable and adjusting un | gold=4.3 V | pred='The specified value for the internal und'
[080][param] ok=False | What is the specified value for 'the voltage at the pin  | gold=6.5V | pred='The provided excerpts do not specify a v'
[081][param] ok=True | What is the specified value for 'inputs accept voltages' | gold=5.5 V | pred='The SN74LVC245A accepts input voltages u'
[082][param] ok=False | What is the specified value for 'high-side current limit | gold=4.8 A to 6.2 A | pred='The provided excerpts do not specify a v'
[083][cross] ok=True | For the datasheet parameter 'junction-to-ambient thermal | gold=TPS62150:45 °C/W|LMR14020:43 | pred='The TPS62150 has a junction-to-ambient t'
[084][cross] ok=False | For the datasheet parameter 'supply voltage', which part | gold=TMP1075:1.7 V to 5.5 V|BME28 | pred='For the supply voltage:\n- TMP1075: 5.5 V'
[085][cross] ok=True | For the datasheet parameter 'supply voltage', which part | gold=TMP1075:1.7 V to 5.5 V|OPA23 | pred='The TMP1075 specifies a supply voltage r'
[086][cross] ok=False | For the datasheet parameter 'supply voltage', which part | gold=BME280:1.71 V to 3.6 V|OPA23 | pred='The supply voltage for the BME280 is not'
[087][cross] ok=True | For the datasheet parameter 'maximum junction temperatur | gold=SN74LVC1G14:150 °C|LM2674:15 | pred='The maximum junction temperature for SN7'
[088][cross] ok=False | For the datasheet parameter 'input bias current', which  | gold=OPA4322:±0.2 pA typ, ±10 pA  | pred='From the excerpts, the input bias curren'
[089][cross] ok=True | For the datasheet parameter 'power supply recommendation | gold=SN65HVD230:3.3 V|LM5180:4.5  | pred='Based on the given excerpts, the power s'
[090][cross] ok=False | For the datasheet parameter 'maximum repetitive peak iso | gold=AMC1400:2800 VPK|UCC23514:21 | pred='From the AMC1400 datasheet excerpt, the '
[091][cross] ok=False | For the datasheet parameter 'switching node pin voltage  | gold=DRV8323R:30ns|DRV8320:30ns | pred='Based on the information provided, there'
[092][cross] ok=True | For the datasheet parameter 'enable and adjusting underv | gold=TPS54541:4.3 V|TPS54360:4.3  | pred='For the TPS54541, the internal undervolt'
[093][cross] ok=False | For 'input voltage', which is larger: TMP1075 or INA219? | gold=TMP1075:1.7 V to 5.5 V|INA21 | pred='From the excerpts provided:\n\n- TMP1075 i'
[094][cross] ok=False | For 'input voltage', which is larger: TMP1075 or MPU9250 | gold=TMP1075:1.7 V to 5.5 V|MPU92 | pred='From the TMP1075 datasheet excerpt, the '
[095][cross] ok=False | For the datasheet parameter 'safety output supply curren | gold=UCC21520:69.8°C/W|UCC21530:7 | pred="For the 'safety output supply current' p"
[096][cross] ok=False | For 'operating temperature', which is larger: TLC5947 or | gold=TLC5947:150 °C|lt1024:-55°C  | pred='The TLC5947 operates from -40°C to 85°C,'
[097][cross] ok=False | Compare the datasheet-specified values 'gda, gdb output  | gold=UCC28060:2.5 mA|AMC3301:4 mA | pred='From the excerpts, we can infer the foll'
[098][cross] ok=True | For 'operating temperature', which is larger: AMC1311 or | gold=AMC1311:-55°C to +125°C|TL43 | pred='The AMC1311 has a specified operating te'
[099][cross] ok=False | For 'operating temperature', which is larger: AMC1311 or | gold=AMC1311:-55°C to +125°C|TL43 | pred='AMC1311: –55°C to +125°C\nTL432: –65°C to'
[100][cross] ok=False | For 'input voltage', which is larger: TMP1075 or SN65HVD | gold=TMP1075:1.7 V to 5.5 V|SN65H | pred='For the input voltage (SCL, SDA, A0):\n- '
[101][cross] ok=False | For 'input voltage', which is larger: INA219 or OPA2365? | gold=INA219:3V to 5.5V|OPA2365:5. | pred='The maximum input voltage for the INA219'
[102][cross] ok=False | For 'input voltage', which is larger: BME280 or TMP20? G | gold=BME280:1.71 V to 3.6 V|TMP20 | pred='From the excerpts provided:\n\n- BME280 su'
[103][cross] ok=False | For 'input voltage', which is larger: OPA2376 or DRV8876 | gold=OPA2376:2.2 V to 5.5 V|DRV88 | pred='From the excerpts, the maximum logic inp'
[104][cross] ok=True | For 'input voltage', which is larger: LM5180 or OPA192?  | gold=LM5180:4.5 V to 65 V|OPA192: | pred='The input voltage range for the LM5180 i'
[105][cross] ok=False | For 'input voltage', which is larger: SN65HVD230 or BME2 | gold=SN65HVD230:3.3 V|BME280:1.71 | pred="For 'input voltage', the SN65HVD230 has "
[106][cross] ok=False | For 'input voltage', which is larger: TMP20 or INA219? G | gold=TMP20:2.7 V to 5.5 V|INA219: | pred='From the excerpts, the maximum input vol'
[107][cross] ok=False | For 'input voltage', which is larger: OPA192 or OPA2365? | gold=OPA192:4.5 V to 36 V|OPA2365 | pred='Based on the given excerpts, the maximum'
[108][cross] ok=False | For 'input voltage', which is larger: LM5180 or TMP1075? | gold=LM5180:4.5 V to 65 V|TMP1075 | pred='The maximum input voltage for LM5180 is '
[109][cross] ok=False | For 'input voltage', which is larger: DRV8876 or TMP1075 | gold=DRV8876:3.3 V|TMP1075:1.7 V  | pred='TMP1075 has a larger input voltage range'
[110][cross] ok=True | For 'input voltage', which is larger: OPA2376 or OPA192? | gold=OPA2376:2.2 V to 5.5 V|OPA19 | pred='Based on the information provided, the s'
[111][cross] ok=False | For 'input voltage', which is larger: BME280 or DRV8876? | gold=BME280:1.71 V to 3.6 V|DRV88 | pred='From the excerpts, the BME280 does not s'
[112][cross] ok=True | For 'operating temperature', which is larger: TLC5947 or | gold=TLC5947:150 °C|LM5180:-40°C  | pred='-40°C to 85°C (TLC5947)\n-40°C to 150°C ('
[113][cross] ok=False | For 'operating temperature', which is larger: TXS0104E o | gold=TXS0104E:150 °C|lt1024:-55°C | pred='The operating temperature range for the '
[114][cross] ok=False | For 'operating temperature', which is larger: LM5180 or  | gold=LM5180:-40°C to 150°C|lt1024 | pred='The LM5180 operates over a junction temp'
[115][cross] ok=True | For 'operating temperature', which is larger: BMP280 or  | gold=BMP280:-40 °C to +85 °C|stm3 | pred='From the excerpts, the operating tempera'
[116][cross] ok=False | For 'operating temperature', which is larger: LIS3DH or  | gold=LIS3DH:-40 °C to +85 °C|TXS0 | pred='Operating temperature range:\n- LIS3DH: -'
[117][cross] ok=False | For 'operating temperature', which is larger: stm32l151c | gold=stm32l151cb:-40 °C to 105 °C | pred='The operating temperature for the STM32L'
[118][cross] ok=True | Compare the datasheet-specified values 'output voltage'  | gold=TPS7A37:3.3 V|ADS131M02:1.2  | pred='From the excerpts:\n- TPS7A37 output volt'
[119][cross] ok=False | Compare the datasheet-specified values 'output current'  | gold=TPS62203:300 mA|DRV8412:20 A | pred='For TPS62203, the maximum output current'

== QA100 acc(部分)=52/120 ==
  param  41/83 = 0.49
  cross  11/37 = 0.30
明细: eval/qa100/results_kt_rag7b_s1.json
