[000][param] ok=True | What is the specified value for 'junction temperature ra | gold=-40 °C to 105 °C | pred='The datasheet excerpts do not specify a '
[001][param] ok=False | What is the specified value for 'resistances below' of L | gold=26 Ω | pred='The specified value for "resistances bel'
[002][param] ok=True | What is the specified value for 'maximum junction temper | gold=150 °C | pred='150 °C'
[003][param] ok=True | What is the specified value for 'the current produces a  | gold=0.5V | pred='The current produces a voltage drop of *'
[004][param] ok=False | What is the specified value for 'the power converter sys | gold=4.5 V to 17 V | pred='The datasheet does not specify a value f'
[005][param] ok=False | What is the specified value for 'continuous currents abo | gold=60mA | pred='The datasheet does not specify a value f'
[006][param] ok=True | What is the specified value for 'stop (flash in deep pow | gold=6 µA @ 25 °C | pred='Down to 6 µA typ @ 25 °C; 14 µA max @ 25'
[007][param] ok=False | What is the specified value for 'rated for junction temp | gold=125°C | pred='The provided excerpts do not contain a v'
[008][param] ok=False | What is the specified value for 'inductor current ripple | gold=266 mA | pred='The provided excerpts do not contain a s'
[009][param] ok=False | What is the specified value for 'junction-to-ambient the | gold=45 °C/W | pred='The provided excerpts do not contain the'
[010][param] ok=False | What is the specified value for 'VM operating supply cur | gold=5 mA to 8 mA | pred='The provided excerpts do not specify a v'
[011][param] ok=True | What is the specified value for 'supply voltage' of TMP1 | gold=1.7 V to 5.5 V | pred='The specified supply voltage for TMP1075'
[012][param] ok=False | What is the specified value for 'maximum junction temper | gold=150 °C | pred='The provided excerpts do not contain a s'
[013][param] ok=True | What is the specified value for 'p/n power-supply voltag | gold=3V to 5.5V | pred='The INA219 power-supply voltage (VS) is '
[014][param] ok=True | What is the specified value for 'under-voltage lockout h | gold=177 mV | pred='177 mV'
[015][param] ok=False | What is the specified value for 'input bias current' of  | gold=±0.2 pA typ, ±10 pA max | pred='The provided excerpts do not contain a s'
[016][param] ok=True | What is the specified value for 'vil, low level input vo | gold=-0.5V | pred='The specified value for VIL (Low Level I'
[017][param] ok=True | What is the specified value for 'power supply recommenda | gold=3.3 V | pred='The provided excerpts do not contain a "'
[018][param] ok=False | What is the specified value for 'operating junction temp | gold=150 °C | pred='The provided excerpts do not specify an '
[019][param] ok=True | What is the specified value for 'maximum voltage must no | gold=6 V | pred='6 V'
[020][param] ok=False | What is the specified value for 'enable supply voltage'  | gold=0 V to VIN | pred='The datasheet does not specify a single '
[021][param] ok=True | What is the specified value for 'total power dissipation | gold=11 mW | pred='11 mW'
[022][param] ok=True | What is the specified value for 'maximum junction temper | gold=150 °C | pred='150°C'
[023][param] ok=False | What is the specified value for 'rated mains voltage' of | gold=≤ 150 VRMS | pred='The provided excerpts do not specify a "'
[024][param] ok=True | What is the specified value for 'threshold hysteresis' o | gold=15 mV | pred='15 mV'
[025][param] ok=True | What is the specified value for 'temperature register re | gold=0°C | pred='0°C'
[026][param] ok=False | What is the specified value for 'temperature range' of B | gold=-40 °C to +85 °C | pred='-40 … +85 °C'
[027][param] ok=False | What is the specified value for 'operate over an extende | gold=-40 °C to +85 °C | pred='The LIS3DH datasheet specifies an operat'
[028][param] ok=False | What is the specified value for 'changed typical short-c | gold=300 mA | pred='The provided excerpts do not contain a v'
[029][param] ok=False | What is the specified value for 'power supply recommenda | gold=4.5 V to 65 V | pred='The provided excerpts do not contain a "'
[030][param] ok=False | What is the specified value for 'temperature resolution' | gold=0.03125 °C | pred='The provided excerpts do not specify a v'
[031][param] ok=True | What is the specified value for 'junction-to-board therm | gold=25.6 °C/W | pred='25.6 °C/W'
[032][param] ok=False | What is the specified value for 'operating temperature r | gold=-55°C to 125°C | pred='The specified operating temperature rang'
[033][param] ok=False | What is the specified value for 'feedback voltage' of TP | gold=1.185 V | pred='The specified feedback voltage (VFB(nom)'
[034][param] ok=True | What is the specified value for 'maximum repetitive peak | gold=2800 VPK | pred='2800 V PK'
[035][param] ok=False | What is the specified value for 'temperature sensor outp | gold=1 °C/LSB | pred='The provided excerpts do not specify a v'
[036][param] ok=False | What is the specified value for 'high-side MOSFET ON-res | gold=90 mΩ to 170 mΩ | pred='The provided excerpts do not contain the'
[037][param] ok=True | What is the specified value for 'voltage on this pin' of | gold=2.5 V | pred='2.5 V'
[038][param] ok=False | What is the specified value for 'maximum working voltage | gold=5000 VRMS | pred='The provided excerpts do not contain a p'
[039][param] ok=False | What is the specified value for 'recommended operating j | gold=-40°C to 150°C | pred='The datasheet specifies a junction tempe'
[040][param] ok=False | What is the specified value for 'transmitting power' of  | gold=9 dBm | pred='The provided excerpts do not contain a s'
[041][param] ok=True | What is the specified value for 'power-supply recommenda | gold=4.5 V to 36 V | pred='The provided excerpts do not contain a "'
[042][param] ok=True | What is the specified value for 'supply voltage' of BME2 | gold=1.71 V to 3.6 V | pred='Supply voltage: VDD main supply voltage '
[043][param] ok=True | What is the specified value for 'input offset voltage' o | gold=±0.2 mV typ, ±4 mV max | pred='±0.2 mV (typ), ±4 mV (max)'
[044][param] ok=False | What is the specified value for 'critical, warning, powe | gold=6 V | pred='The provided excerpts do not specify a s'
[045][param] ok=True | What is the specified value for 'A-port VCCA' of TXB0104 | gold=1.2 V to 3.6 V | pred='1.2 V to 3.6 V'
[046][param] ok=False | What is the specified value for 'junction temperature' o | gold=150 °C | pred='The provided excerpts do not specify a v'
[047][param] ok=True | What is the specified value for 'switching frequency' of | gold=570 kHz | pred='The specified switching frequency of the'
[048][param] ok=False | What is the specified value for 'switching node pin volt | gold=30ns | pred='The provided excerpts do not contain a s'
[049][param] ok=True | What is the specified value for 'peak source/sink curren | gold=3A/5A | pred='5-A sink and 3-A source'
[050][param] ok=False | What is the specified value for 'operating junction temp | gold=150 °C | pred='The provided excerpts do not specify an '
[051][param] ok=True | What is the specified value for 'supply voltage' of OPA2 | gold=5.5 V | pred='2.2 V to 5.5 V'
[052][param] ok=False | What is the specified value for 'automotive temperature  | gold=-40°C to +125°C | pred='The specified value for the automotive t'
[053][param] ok=False | What is the specified value for 'quiescent current (per  | gold=4 mA to 5 mA | pred='The provided excerpts do not contain a s'
[054][param] ok=False | What is the specified value for 'overtemperature' of UCC | gold=140°C | pred='The provided excerpts do not specify an '
[055][param] ok=False | What is the specified value for 'f corner frequency' of  | gold=147 Hz | pred='The provided excerpts do not specify a v'
[056][param] ok=False | What is the specified value for 'switching node pin volt | gold=30ns | pred='The provided excerpts do not contain a s'
[057][param] ok=False | What is the specified value for 'source current after td | gold=10 mA | pred='The datasheet does not specify a value f'
[058][param] ok=True | What is the specified value for 'output current' of TPS6 | gold=300 mA | pred='Up to 300 mA'
[059][param] ok=True | What is the specified value for 'controller supply volta | gold=3.3 V | pred='3.3 V'
[060][param] ok=True | What is the specified value for 'junction-to-ambient the | gold=43.2 °C/W | pred='43.2 °C/W'
[061][param] ok=True | What is the specified value for 'internal power dissipat | gold=304 mW | pred='304 mW'
[062][param] ok=False | What is the specified value for 'to keep the junction te | gold=125°C | pred='The provided excerpts do not contain a s'
[063][param] ok=False | What is the specified value for 'output current for latc | gold=20 A | pred='The provided excerpts do not specify a v'
[064][param] ok=False | What is the specified value for 'RRT (frequency-setting  | gold=10 kΩ to 220 kΩ | pred='The provided excerpts do not specify an '
[065][param] ok=False | What is the specified value for 'maximum repetitive peak | gold=2121 VPK | pred="The provided excerpts do not specify a '"
[066][param] ok=True | What is the specified value for 'maximum continuous swit | gold=1.5 A | pred='1.5 A'
[067][param] ok=False | What is the specified value for 'hz (low power only)' of | gold=12.5 Hz | pred='The provided excerpts do not contain a s'
[068][param] ok=True | What is the specified value for 'operating voltage' of O | gold=2.2 V to 5.5 V | pred='The OPA2376 operates over a power-supply'
[069][param] ok=True | What is the specified value for 'supply voltage (VS)' of | gold=2.7 V to 5.5 V | pred='The specified supply voltage (VS) for th'
[070][param] ok=True | What is the specified value for 'junction temperature, t | gold=150 °C | pred='150°C'
[071][param] ok=True | What is the specified value for 'internal reference volt | gold=1.2 V | pred='The internal reference voltage is **1.2 '
[072][param] ok=True | What is the specified value for 'maximum junction temper | gold=150 °C | pred='150 °C'
[073][param] ok=False | What is the specified value for 'enable and adjusting un | gold=4.3 V | pred='The enable threshold voltage is 1.1 V (m'
[074][param] ok=False | What is the specified value for 'rising threshold' of LM | gold=1 V | pred='The rising threshold for the power-good '
[075][param] ok=False | What is the specified value for 'input bias current' of  | gold=±200 pA typ, ±500 pA max | pred='The provided excerpts do not specify a v'
[076][param] ok=True | What is the specified value for 'output voltage' of TPS7 | gold=3.3 V | pred='The TPS7A37 is an adjustable/fixed LDO; '
[077][param] ok=False | What is the specified value for 'line frequency' of UCC2 | gold=47 Hz to 63 Hz | pred='The provided excerpts do not specify a v'
[078][param] ok=False | What is the specified value for 'vbus over voltage thres | gold=5.8V | pred='The specified value for the VBUS over vo'
[079][param] ok=False | What is the specified value for 'enable and adjusting un | gold=4.3 V | pred='The enable threshold voltage is 1.1 V (m'
[080][param] ok=False | What is the specified value for 'the voltage at the pin  | gold=6.5V | pred='The provided excerpts do not contain a s'
[081][param] ok=True | What is the specified value for 'inputs accept voltages' | gold=5.5 V | pred='5.5 V'
[082][param] ok=False | What is the specified value for 'high-side current limit | gold=4.8 A to 6.2 A | pred='The provided excerpts do not specify a v'
[083][cross] ok=True | For the datasheet parameter 'junction-to-ambient thermal | gold=TPS62150:45 °C/W|LMR14020:43 | pred='TPS62150: 45 °C/W; LMR14020: 43.2 °C/W. '
[084][cross] ok=False | For the datasheet parameter 'supply voltage', which part | gold=TMP1075:1.7 V to 5.5 V|BME28 | pred='**BME280** specifies the larger value.\n\n'
[085][cross] ok=False | For the datasheet parameter 'supply voltage', which part | gold=TMP1075:1.7 V to 5.5 V|OPA23 | pred='TMP1075: 5.5 V; OPA2365: 5.5 V. Both spe'
[086][cross] ok=True | For the datasheet parameter 'supply voltage', which part | gold=BME280:1.71 V to 3.6 V|OPA23 | pred='**OPA2365** specifies the larger value.\n'
[087][cross] ok=True | For the datasheet parameter 'maximum junction temperatur | gold=SN74LVC1G14:150 °C|LM2674:15 | pred='**LM2674** specifies the larger value.\n\n'
[088][cross] ok=False | For the datasheet parameter 'input bias current', which  | gold=OPA4322:±0.2 pA typ, ±10 pA  | pred='OPA4322: not specified in the provided e'
[089][cross] ok=True | For the datasheet parameter 'power supply recommendation | gold=SN65HVD230:3.3 V|LM5180:4.5  | pred='The provided excerpts do not contain a "'
[090][cross] ok=False | For the datasheet parameter 'maximum repetitive peak iso | gold=AMC1400:2800 VPK|UCC23514:21 | pred='The excerpts do not contain the value fo'
[091][cross] ok=False | For the datasheet parameter 'switching node pin voltage  | gold=DRV8323R:30ns|DRV8320:30ns | pred='The provided excerpts do not contain the'
[092][cross] ok=False | For the datasheet parameter 'enable and adjusting underv | gold=TPS54541:4.3 V|TPS54360:4.3  | pred='The TPS54360 specifies the larger value.'
[093][cross] ok=False | For 'input voltage', which is larger: TMP1075 or INA219? | gold=TMP1075:1.7 V to 5.5 V|INA21 | pred='TMP1075: 6.5 V max (SCL, SDA, A1, A0); I'
[094][cross] ok=False | For 'input voltage', which is larger: TMP1075 or MPU9250 | gold=TMP1075:1.7 V to 5.5 V|MPU92 | pred='For **input voltage**, the **TMP1075** i'
[095][cross] ok=False | For the datasheet parameter 'safety output supply curren | gold=UCC21520:69.8°C/W|UCC21530:7 | pred='UCC21520 specifies the larger value: 58 '
[096][cross] ok=False | For 'operating temperature', which is larger: TLC5947 or | gold=TLC5947:150 °C|lt1024:-55°C  | pred='lt1024 is larger: lt1024 = –55°C to 125°'
[097][cross] ok=False | Compare the datasheet-specified values 'gda, gdb output  | gold=UCC28060:2.5 mA|AMC3301:4 mA | pred='The provided excerpts do not contain eit'
[098][cross] ok=False | For 'operating temperature', which is larger: AMC1311 or | gold=AMC1311:-55°C to +125°C|TL43 | pred='TL431: 150°C (operating junction tempera'
[099][cross] ok=False | For 'operating temperature', which is larger: AMC1311 or | gold=AMC1311:-55°C to +125°C|TL43 | pred='TL432 is larger: TL432 operating junctio'
[100][cross] ok=False | For 'input voltage', which is larger: TMP1075 or SN65HVD | gold=TMP1075:1.7 V to 5.5 V|SN65H | pred='**TMP1075:** Input voltage (SCL, SDA, A1'
[101][cross] ok=False | For 'input voltage', which is larger: INA219 or OPA2365? | gold=INA219:3V to 5.5V|OPA2365:5. | pred='OPA2365 is larger.\n\n- INA219: 0 to 26 V '
[102][cross] ok=False | For 'input voltage', which is larger: BME280 or TMP20? G | gold=BME280:1.71 V to 3.6 V|TMP20 | pred='TMP20 is larger.\n\n- BME280: VDD main sup'
[103][cross] ok=False | For 'input voltage', which is larger: OPA2376 or DRV8876 | gold=OPA2376:2.2 V to 5.5 V|DRV88 | pred='DRV8876 is larger.\n\n- OPA2376: supply vo'
[104][cross] ok=True | For 'input voltage', which is larger: LM5180 or OPA192?  | gold=LM5180:4.5 V to 65 V|OPA192: | pred='**LM5180** is larger: **4.5 V to 65 V** '
[105][cross] ok=False | For 'input voltage', which is larger: SN65HVD230 or BME2 | gold=SN65HVD230:3.3 V|BME280:1.71 | pred='BME280 is larger.\n\n- SN65HVD230: input c'
[106][cross] ok=False | For 'input voltage', which is larger: TMP20 or INA219? G | gold=TMP20:2.7 V to 5.5 V|INA219: | pred='INA219 is larger.\n\n- TMP20 supply voltag'
[107][cross] ok=False | For 'input voltage', which is larger: OPA192 or OPA2365? | gold=OPA192:4.5 V to 36 V|OPA2365 | pred='OPA192: 36 V (±18 V) supply voltage max.'
[108][cross] ok=False | For 'input voltage', which is larger: LM5180 or TMP1075? | gold=LM5180:4.5 V to 65 V|TMP1075 | pred='LM5180: 4.5 V to 65 V (input voltage ran'
[109][cross] ok=False | For 'input voltage', which is larger: DRV8876 or TMP1075 | gold=DRV8876:3.3 V|TMP1075:1.7 V  | pred='**TMP1075 is larger.**\n\n- **DRV8876** in'
[110][cross] ok=True | For 'input voltage', which is larger: OPA2376 or OPA192? | gold=OPA2376:2.2 V to 5.5 V|OPA19 | pred='For **input voltage**, **OPA192 is large'
[111][cross] ok=True | For 'input voltage', which is larger: BME280 or DRV8876? | gold=BME280:1.71 V to 3.6 V|DRV88 | pred='DRV8876 is larger.\n\n- BME280: VDD main s'
[112][cross] ok=False | For 'operating temperature', which is larger: TLC5947 or | gold=TLC5947:150 °C|LM5180:-40°C  | pred='LM5180 is larger: TLC5947 = –40°C to 85°'
[113][cross] ok=False | For 'operating temperature', which is larger: TXS0104E o | gold=TXS0104E:150 °C|lt1024:-55°C | pred='lt1024 is larger.\n\n- TXS0104E: –40°C to '
[114][cross] ok=False | For 'operating temperature', which is larger: LM5180 or  | gold=LM5180:-40°C to 150°C|lt1024 | pred='LT1024 is larger: LM5180 = –40°C to 150°'
[115][cross] ok=True | For 'operating temperature', which is larger: BMP280 or  | gold=BMP280:-40 °C to +85 °C|stm3 | pred='STM32L151CB is larger.\n\n- BMP280: not sp'
[116][cross] ok=False | For 'operating temperature', which is larger: LIS3DH or  | gold=LIS3DH:-40 °C to +85 °C|TXS0 | pred='**TXS0104E** is larger.\n\n- LIS3DH operat'
[117][cross] ok=False | For 'operating temperature', which is larger: stm32l151c | gold=stm32l151cb:-40 °C to 105 °C | pred='**STM32L151CB** is larger: **–40°C to 85'
[118][cross] ok=False | Compare the datasheet-specified values 'output voltage'  | gold=TPS7A37:3.3 V|ADS131M02:1.2  | pred='The TPS7A37 datasheet does not specify a'
[119][cross] ok=False | Compare the datasheet-specified values 'output current'  | gold=TPS62203:300 mA|DRV8412:20 A | pred='The TPS62203 datasheet does not specify '

== QA100 acc(部分)=44/120 ==
  param  36/83 = 0.43
  cross  8/37 = 0.22
明细: eval/qa100/results_v31_api_rag.json
