[000][param] ok=True | What is the specified value for 'junction temperature ra | gold=-40 °C to 105 °C | pred='The specified temperature range for the '
[001][param] ok=False | What is the specified value for 'resistances below' of L | gold=26 Ω | pred="The specified value for 'resistances bel"
[002][param] ok=True | What is the specified value for 'maximum junction temper | gold=150 °C | pred='150°C'
[003][param] ok=True | What is the specified value for 'the current produces a  | gold=0.5V | pred='0.5 V'
[004][param] ok=True | What is the specified value for 'the power converter sys | gold=4.5 V to 17 V | pred='The specified input voltage (VIN) range '
[005][param] ok=False | What is the specified value for 'continuous currents abo | gold=60mA | pred='The specified continuous current above t'
[006][param] ok=False | What is the specified value for 'stop (flash in deep pow | gold=6 µA @ 25 °C | pred='49 µA max @25 °C'
[007][param] ok=False | What is the specified value for 'rated for junction temp | gold=125°C | pred="The specified value for 'rated for junct"
[008][param] ok=False | What is the specified value for 'inductor current ripple | gold=266 mA | pred='The specified value for "inductor curren'
[009][param] ok=False | What is the specified value for 'junction-to-ambient the | gold=45 °C/W | pred="The specified value for 'junction-to-amb"
[010][param] ok=False | What is the specified value for 'VM operating supply cur | gold=5 mA to 8 mA | pred="The specified value for 'VM operating su"
[011][param] ok=True | What is the specified value for 'supply voltage' of TMP1 | gold=1.7 V to 5.5 V | pred='The specified supply voltage for TMP1075'
[012][param] ok=False | What is the specified value for 'maximum junction temper | gold=150 °C | pred="The specified value for 'maximum junctio"
[013][param] ok=True | What is the specified value for 'p/n power-supply voltag | gold=3V to 5.5V | pred='The specified power-supply voltage (VS) '
[014][param] ok=True | What is the specified value for 'under-voltage lockout h | gold=177 mV | pred="The specified value for 'under-voltage l"
[015][param] ok=False | What is the specified value for 'input bias current' of  | gold=±0.2 pA typ, ±10 pA max | pred='The datasheet does not provide a specifi'
[016][param] ok=False | What is the specified value for 'vil, low level input vo | gold=-0.5V | pred="The specified value for 'vil, low level "
[017][param] ok=True | What is the specified value for 'power supply recommenda | gold=3.3 V | pred='The power supply recommendation for the '
[018][param] ok=False | What is the specified value for 'operating junction temp | gold=150 °C | pred="The specified value for 'operating junct"
[019][param] ok=True | What is the specified value for 'maximum voltage must no | gold=6 V | pred='6 V'
[020][param] ok=False | What is the specified value for 'enable supply voltage'  | gold=0 V to VIN | pred='The datasheet does not provide a specifi'
[021][param] ok=True | What is the specified value for 'total power dissipation | gold=11 mW | pred='11 mW'
[022][param] ok=True | What is the specified value for 'maximum junction temper | gold=150 °C | pred="The specified value for 'maximum junctio"
[023][param] ok=False | What is the specified value for 'rated mains voltage' of | gold=≤ 150 VRMS | pred="The specified value for 'rated mains vol"
[024][param] ok=True | What is the specified value for 'threshold hysteresis' o | gold=15 mV | pred="The specified value for 'threshold hyste"
[025][param] ok=True | What is the specified value for 'temperature register re | gold=0°C | pred='The temperature register of the TMP104 r'
[026][param] ok=True | What is the specified value for 'temperature range' of B | gold=-40 °C to +85 °C | pred='The specified temperature range for the '
[027][param] ok=True | What is the specified value for 'operate over an extende | gold=-40 °C to +85 °C | pred='The specified operating temperature rang'
[028][param] ok=False | What is the specified value for 'changed typical short-c | gold=300 mA | pred="The specified value for 'changed typical"
[029][param] ok=False | What is the specified value for 'power supply recommenda | gold=4.5 V to 65 V | pred='The datasheet does not provide a specifi'
[030][param] ok=False | What is the specified value for 'temperature resolution' | gold=0.03125 °C | pred='The specified temperature resolution for'
[031][param] ok=True | What is the specified value for 'junction-to-board therm | gold=25.6 °C/W | pred="The specified value for 'junction-to-boa"
[032][param] ok=False | What is the specified value for 'operating temperature r | gold=-55°C to 125°C | pred='The specified operating temperature rang'
[033][param] ok=False | What is the specified value for 'feedback voltage' of TP | gold=1.185 V | pred='The nominal feedback voltage (VFB(nom)) '
[034][param] ok=True | What is the specified value for 'maximum repetitive peak | gold=2800 VPK | pred="The specified value for 'maximum repetit"
[035][param] ok=False | What is the specified value for 'temperature sensor outp | gold=1 °C/LSB | pred="The specified value for 'temperature sen"
[036][param] ok=False | What is the specified value for 'high-side MOSFET ON-res | gold=90 mΩ to 170 mΩ | pred='The datasheet does not provide a specifi'
[037][param] ok=True | What is the specified value for 'voltage on this pin' of | gold=2.5 V | pred="The specified value for 'voltage on this"
[038][param] ok=False | What is the specified value for 'maximum working voltage | gold=5000 VRMS | pred="The specified value for 'maximum working"
[039][param] ok=True | What is the specified value for 'recommended operating j | gold=-40°C to 150°C | pred='The specified value for the recommended '
[040][param] ok=False | What is the specified value for 'transmitting power' of  | gold=9 dBm | pred='The provided excerpts do not specify a v'
[041][param] ok=True | What is the specified value for 'power-supply recommenda | gold=4.5 V to 36 V | pred='The power-supply recommendations for OPA'
[042][param] ok=True | What is the specified value for 'supply voltage' of BME2 | gold=1.71 V to 3.6 V | pred='The supply voltage range for BME280 is:\n'
[043][param] ok=False | What is the specified value for 'input offset voltage' o | gold=±0.2 mV typ, ±4 mV max | pred="The specified value for 'input offset vo"
[044][param] ok=False | What is the specified value for 'critical, warning, powe | gold=6 V | pred='The specified supply voltage range for t'
[045][param] ok=True | What is the specified value for 'A-port VCCA' of TXB0104 | gold=1.2 V to 3.6 V | pred="The specified value for 'A-port VCCA' of"
[046][param] ok=False | What is the specified value for 'junction temperature' o | gold=150 °C | pred="The specified value for 'junction temper"
[047][param] ok=True | What is the specified value for 'switching frequency' of | gold=570 kHz | pred='The specified switching frequency for th'
[048][param] ok=False | What is the specified value for 'switching node pin volt | gold=30ns | pred="The specified value for 'switching node "
[049][param] ok=True | What is the specified value for 'peak source/sink curren | gold=3A/5A | pred='The LM5111 can sink more than 5-A peak a'
[050][param] ok=False | What is the specified value for 'operating junction temp | gold=150 °C | pred="The specified value for 'operating junct"
[051][param] ok=True | What is the specified value for 'supply voltage' of OPA2 | gold=5.5 V | pred='The supply voltage for the OPA2365 is sp'
[052][param] ok=False | What is the specified value for 'automotive temperature  | gold=-40°C to +125°C | pred="The specified value for 'automotive temp"
[053][param] ok=False | What is the specified value for 'quiescent current (per  | gold=4 mA to 5 mA | pred='The datasheet does not provide a specifi'
[054][param] ok=False | What is the specified value for 'overtemperature' of UCC | gold=140°C | pred='The operating junction temperature range'
[055][param] ok=False | What is the specified value for 'f corner frequency' of  | gold=147 Hz | pred='The provided excerpts do not contain a s'
[056][param] ok=False | What is the specified value for 'switching node pin volt | gold=30ns | pred="The specified value for 'switching node "
[057][param] ok=False | What is the specified value for 'source current after td | gold=10 mA | pred="The specified value for 'source current "
[058][param] ok=True | What is the specified value for 'output current' of TPS6 | gold=300 mA | pred='The specified output current for the TPS'
[059][param] ok=True | What is the specified value for 'controller supply volta | gold=3.3 V | pred="The specified value for 'controller supp"
[060][param] ok=True | What is the specified value for 'junction-to-ambient the | gold=43.2 °C/W | pred="The specified value for 'junction-to-amb"
[061][param] ok=True | What is the specified value for 'internal power dissipat | gold=304 mW | pred='The specified value for internal power d'
[062][param] ok=True | What is the specified value for 'to keep the junction te | gold=125°C | pred='The specified operating junction tempera'
[063][param] ok=False | What is the specified value for 'output current for latc | gold=20 A | pred="The specified value for 'output current "
[064][param] ok=False | What is the specified value for 'RRT (frequency-setting  | gold=10 kΩ to 220 kΩ | pred="The specified value for 'RRT (frequency-"
[065][param] ok=False | What is the specified value for 'maximum repetitive peak | gold=2121 VPK | pred="The specified value for 'maximum repetit"
[066][param] ok=True | What is the specified value for 'maximum continuous swit | gold=1.5 A | pred="The specified value for 'maximum continu"
[067][param] ok=False | What is the specified value for 'hz (low power only)' of | gold=12.5 Hz | pred='The provided excerpts do not specify a v'
[068][param] ok=True | What is the specified value for 'operating voltage' of O | gold=2.2 V to 5.5 V | pred='The specified operating voltage range fo'
[069][param] ok=True | What is the specified value for 'supply voltage (VS)' of | gold=2.7 V to 5.5 V | pred='The specified supply voltage (VS) range '
[070][param] ok=True | What is the specified value for 'junction temperature, t | gold=150 °C | pred="The specified value for 'junction temper"
[071][param] ok=True | What is the specified value for 'internal reference volt | gold=1.2 V | pred='The specified value for the internal ref'
[072][param] ok=True | What is the specified value for 'maximum junction temper | gold=150 °C | pred='150°C'
[073][param] ok=False | What is the specified value for 'enable and adjusting un | gold=4.3 V | pred='The enable and adjusting undervoltage lo'
[074][param] ok=False | What is the specified value for 'rising threshold' of LM | gold=1 V | pred="The specified value for the 'rising thre"
[075][param] ok=False | What is the specified value for 'input bias current' of  | gold=±200 pA typ, ±500 pA max | pred='The input bias current of OPA330 (TI) is'
[076][param] ok=True | What is the specified value for 'output voltage' of TPS7 | gold=3.3 V | pred='The TPS7A37 offers fixed output voltages'
[077][param] ok=False | What is the specified value for 'line frequency' of UCC2 | gold=47 Hz to 63 Hz | pred="The specified value for 'line frequency'"
[078][param] ok=False | What is the specified value for 'vbus over voltage thres | gold=5.8V | pred='From the given excerpts, there is no dir'
[079][param] ok=False | What is the specified value for 'enable and adjusting un | gold=4.3 V | pred='The internal undervoltage lockout thresh'
[080][param] ok=False | What is the specified value for 'the voltage at the pin  | gold=6.5V | pred='The specified value for "the voltage at '
[081][param] ok=True | What is the specified value for 'inputs accept voltages' | gold=5.5 V | pred='Inputs accept voltages to 5.5 V.'
[082][param] ok=False | What is the specified value for 'high-side current limit | gold=4.8 A to 6.2 A | pred="The specified value for 'high-side curre"
[083][cross] ok=True | For the datasheet parameter 'junction-to-ambient thermal | gold=TPS62150:45 °C/W|LMR14020:43 | pred='The TPS62150 specifies a junction-to-amb'
[084][cross] ok=False | For the datasheet parameter 'supply voltage', which part | gold=TMP1075:1.7 V to 5.5 V|BME28 | pred='For the supply voltage parameter:\n- TMP1'
[085][cross] ok=False | For the datasheet parameter 'supply voltage', which part | gold=TMP1075:1.7 V to 5.5 V|OPA23 | pred='TMP1075: 5.5 V\nOPA2365: 5.5 V\n\nThe suppl'
[086][cross] ok=False | For the datasheet parameter 'supply voltage', which part | gold=BME280:1.71 V to 3.6 V|OPA23 | pred='For the BME280, the supply voltage range'
[087][cross] ok=True | For the datasheet parameter 'maximum junction temperatur | gold=SN74LVC1G14:150 °C|LM2674:15 | pred='LM2674: 150°C\nSN74LVC1G14: 146.2°C (for '
[088][cross] ok=False | For the datasheet parameter 'input bias current', which  | gold=OPA4322:±0.2 pA typ, ±10 pA  | pred='For the OPA4322, the input bias current '
[089][cross] ok=False | For the datasheet parameter 'power supply recommendation | gold=SN65HVD230:3.3 V|LM5180:4.5  | pred="The datasheet does not explicitly list '"
[090][cross] ok=False | For the datasheet parameter 'maximum repetitive peak iso | gold=AMC1400:2800 VPK|UCC23514:21 | pred="For the datasheet parameter 'maximum rep"
[091][cross] ok=False | For the datasheet parameter 'switching node pin voltage  | gold=DRV8323R:30ns|DRV8320:30ns | pred='The information provided does not contai'
[092][cross] ok=False | For the datasheet parameter 'enable and adjusting underv | gold=TPS54541:4.3 V|TPS54360:4.3  | pred='For the TPS54541, the internal undervolt'
[093][cross] ok=False | For 'input voltage', which is larger: TMP1075 or INA219? | gold=TMP1075:1.7 V to 5.5 V|INA21 | pred='TMP1075: 6.5 V\nINA219: 5.5 V\n\nThe TMP107'
[094][cross] ok=False | For 'input voltage', which is larger: TMP1075 or MPU9250 | gold=TMP1075:1.7 V to 5.5 V|MPU92 | pred='For input voltage SCL, SDA, A1, A0:\n- TM'
[095][cross] ok=False | For the datasheet parameter 'safety output supply curren | gold=UCC21520:69.8°C/W|UCC21530:7 | pred='For the UCC21520, the safety output supp'
[096][cross] ok=False | For 'operating temperature', which is larger: TLC5947 or | gold=TLC5947:150 °C|lt1024:-55°C  | pred='TLC5947: -40 to 85°C\nLT1024: -55°C to 12'
[097][cross] ok=False | Compare the datasheet-specified values 'gda, gdb output  | gold=UCC28060:2.5 mA|AMC3301:4 mA | pred='From the UCC28060 datasheet, there is no'
[098][cross] ok=True | For 'operating temperature', which is larger: AMC1311 or | gold=AMC1311:-55°C to +125°C|TL43 | pred='The operating temperature range for AMC1'
[099][cross] ok=True | For 'operating temperature', which is larger: AMC1311 or | gold=AMC1311:-55°C to +125°C|TL43 | pred='AMC1311: -55°C to +125°C\nTL432: 150°C'
[100][cross] ok=False | For 'input voltage', which is larger: TMP1075 or SN65HVD | gold=TMP1075:1.7 V to 5.5 V|SN65H | pred='TMP1075: 6.5 V\nSN65HVD230: 3.6 V\n\nThe TM'
[101][cross] ok=False | For 'input voltage', which is larger: INA219 or OPA2365? | gold=INA219:3V to 5.5V|OPA2365:5. | pred="For 'input voltage':\n- INA219: 0V to 26V"
[102][cross] ok=False | For 'input voltage', which is larger: BME280 or TMP20? G | gold=BME280:1.71 V to 3.6 V|TMP20 | pred="For 'input voltage', the BME280 has a su"
[103][cross] ok=False | For 'input voltage', which is larger: OPA2376 or DRV8876 | gold=OPA2376:2.2 V to 5.5 V|DRV88 | pred="For 'input voltage', the maximum value f"
[104][cross] ok=True | For 'input voltage', which is larger: LM5180 or OPA192?  | gold=LM5180:4.5 V to 65 V|OPA192: | pred="For 'input voltage', the LM5180 has an i"
[105][cross] ok=False | For 'input voltage', which is larger: SN65HVD230 or BME2 | gold=SN65HVD230:3.3 V|BME280:1.71 | pred="For 'input voltage', the SN65HVD230 has "
[106][cross] ok=False | For 'input voltage', which is larger: TMP20 or INA219? G | gold=TMP20:2.7 V to 5.5 V|INA219: | pred="For 'input voltage':\n\n- TMP20: 5.5 V\n- I"
[107][cross] ok=True | For 'input voltage', which is larger: OPA192 or OPA2365? | gold=OPA192:4.5 V to 36 V|OPA2365 | pred="For 'input voltage', the OPA192 has a su"
[108][cross] ok=False | For 'input voltage', which is larger: LM5180 or TMP1075? | gold=LM5180:4.5 V to 65 V|TMP1075 | pred='LM5180 input voltage range: 9.5 V to 65 '
[109][cross] ok=False | For 'input voltage', which is larger: DRV8876 or TMP1075 | gold=DRV8876:3.3 V|TMP1075:1.7 V  | pred="For 'input voltage':\n- DRV8876: 0 to 5.5"
[110][cross] ok=True | For 'input voltage', which is larger: OPA2376 or OPA192? | gold=OPA2376:2.2 V to 5.5 V|OPA19 | pred='For the input voltage range:\n- OPA2376: '
[111][cross] ok=False | For 'input voltage', which is larger: BME280 or DRV8876? | gold=BME280:1.71 V to 3.6 V|DRV88 | pred="For 'input voltage', the BME280 has a ra"
[112][cross] ok=True | For 'operating temperature', which is larger: TLC5947 or | gold=TLC5947:150 °C|LM5180:-40°C  | pred='TLC5947: -40 to 85°C\nLM5180: -40°C to 15'
[113][cross] ok=False | For 'operating temperature', which is larger: TXS0104E o | gold=TXS0104E:150 °C|lt1024:-55°C | pred='TXS0104E operates over a temperature ran'
[114][cross] ok=False | For 'operating temperature', which is larger: LM5180 or  | gold=LM5180:-40°C to 150°C|lt1024 | pred='LM5180: 150°C  \nLT1024: 125°C'
[115][cross] ok=False | For 'operating temperature', which is larger: BMP280 or  | gold=BMP280:-40 °C to +85 °C|stm3 | pred='BMP280: 105°C\nstm32l151cb: 85°C'
[116][cross] ok=False | For 'operating temperature', which is larger: LIS3DH or  | gold=LIS3DH:-40 °C to +85 °C|TXS0 | pred='The operating temperature range for LIS3'
[117][cross] ok=False | For 'operating temperature', which is larger: stm32l151c | gold=stm32l151cb:-40 °C to 105 °C | pred='STM32L151CB: -40°C to 105°C\nTLC5947: -40'
[118][cross] ok=True | Compare the datasheet-specified values 'output voltage'  | gold=TPS7A37:3.3 V|ADS131M02:1.2  | pred='The output voltage of the TPS7A37 is not'
[119][cross] ok=False | Compare the datasheet-specified values 'output current'  | gold=TPS62203:300 mA|DRV8412:20 A | pred='TPS62203 output current: 300 mA\n\nDRV8412'

== QA100 acc(部分)=47/120 ==
  param  38/83 = 0.46
  cross  9/37 = 0.24
明细: eval/qa100/results_v31_rag7b.json
