[000][param] ok=False | What is the specified value for 'junction temperature ra | gold=-40 °C to 105 °C | pred='The STM32L151CB datasheet specifies a ju'
[001][param] ok=False | What is the specified value for 'resistances below' of L | gold=26 Ω | pred='Based on the provided excerpts, the spec'
[002][param] ok=True | What is the specified value for 'maximum junction temper | gold=150 °C | pred='150°C'
[003][param] ok=False | What is the specified value for 'the current produces a  | gold=0.5V | pred='Based on the provided excerpts, there is'
[004][param] ok=False | What is the specified value for 'the power converter sys | gold=4.5 V to 17 V | pred="I can't answer that from the provided ex"
[005][param] ok=False | What is the specified value for 'continuous currents abo | gold=60mA | pred='Based on the provided excerpts, there is'
[006][param] ok=False | What is the specified value for 'stop (flash in deep pow | gold=6 µA @ 25 °C | pred='The specified value is **20 µA** (typica'
[007][param] ok=False | What is the specified value for 'rated for junction temp | gold=125°C | pred='The LM5018 datasheet does not specify a '
[008][param] ok=False | What is the specified value for 'inductor current ripple | gold=266 mA | pred="Based on the provided excerpts, I don't "
[009][param] ok=False | What is the specified value for 'junction-to-ambient the | gold=45 °C/W | pred='The specified junction-to-ambient therma'
[010][param] ok=False | What is the specified value for 'VM operating supply cur | gold=5 mA to 8 mA | pred='The DRV8825 datasheet specifies the VM o'
[011][param] ok=True | What is the specified value for 'supply voltage' of TMP1 | gold=1.7 V to 5.5 V | pred='The specified supply voltage (VDD) for t'
[012][param] ok=True | What is the specified value for 'maximum junction temper | gold=150 °C | pred='150°C'
[013][param] ok=False | What is the specified value for 'p/n power-supply voltag | gold=3V to 5.5V | pred="The specified value for 'p/n power-suppl"
[014][param] ok=False | What is the specified value for 'under-voltage lockout h | gold=177 mV | pred='The TPS7A47 datasheet does not specify a'
[015][param] ok=False | What is the specified value for 'input bias current' of  | gold=±0.2 pA typ, ±10 pA max | pred='10 pA (typ), 200 pA (max) at 25°C.'
[016][param] ok=False | What is the specified value for 'vil, low level input vo | gold=-0.5V | pred='0.3 * VDD'
[017][param] ok=True | What is the specified value for 'power supply recommenda | gold=3.3 V | pred='The SN65HVD230 datasheet does not specif'
[018][param] ok=True | What is the specified value for 'operating junction temp | gold=150 °C | pred='The specified operating junction tempera'
[019][param] ok=False | What is the specified value for 'maximum voltage must no | gold=6 V | pred='The specified value is 1500 V<sub>RMS</s'
[020][param] ok=False | What is the specified value for 'enable supply voltage'  | gold=0 V to VIN | pred="The specified value for 'enable supply v"
[021][param] ok=False | What is the specified value for 'total power dissipation | gold=11 mW | pred='1.5 W (max)'
[022][param] ok=True | What is the specified value for 'maximum junction temper | gold=150 °C | pred='150°C'
[023][param] ok=False | What is the specified value for 'rated mains voltage' of | gold=≤ 150 VRMS | pred='The provided excerpts do not include a s'
[024][param] ok=False | What is the specified value for 'threshold hysteresis' o | gold=15 mV | pred='Based on the provided excerpts, the spec'
[025][param] ok=False | What is the specified value for 'temperature register re | gold=0°C | pred='The specified value for "temperature reg'
[026][param] ok=True | What is the specified value for 'temperature range' of B | gold=-40 °C to +85 °C | pred='-40 °C to +85 °C'
[027][param] ok=True | What is the specified value for 'operate over an extende | gold=-40 °C to +85 °C | pred='The LIS3DH is specified to operate over '
[028][param] ok=False | What is the specified value for 'changed typical short-c | gold=300 mA | pred='Based on the TPS7A21 datasheet, the spec'
[029][param] ok=True | What is the specified value for 'power supply recommenda | gold=4.5 V to 65 V | pred='The LM5180 datasheet does not specify a '
[030][param] ok=False | What is the specified value for 'temperature resolution' | gold=0.03125 °C | pred='The ADS1220 datasheet does not specify a'
[031][param] ok=False | What is the specified value for 'junction-to-board therm | gold=25.6 °C/W | pred='The DRV11873 datasheet does not specify '
[032][param] ok=False | What is the specified value for 'operating temperature r | gold=-55°C to 125°C | pred='The specified operating temperature rang'
[033][param] ok=False | What is the specified value for 'feedback voltage' of TP | gold=1.185 V | pred='Based on the TPS7A49 datasheet, the feed'
[034][param] ok=False | What is the specified value for 'maximum repetitive peak | gold=2800 VPK | pred='The AMC1400 datasheet specifies a maximu'
[035][param] ok=False | What is the specified value for 'temperature sensor outp | gold=1 °C/LSB | pred="The specified value for 'temperature sen"
[036][param] ok=False | What is the specified value for 'high-side MOSFET ON-res | gold=90 mΩ to 170 mΩ | pred="Based on the provided excerpts, I don't "
[037][param] ok=False | What is the specified value for 'voltage on this pin' of | gold=2.5 V | pred='I can\'t find a specified value for "volt'
[038][param] ok=False | What is the specified value for 'maximum working voltage | gold=5000 VRMS | pred="The specified value for 'maximum working"
[039][param] ok=False | What is the specified value for 'recommended operating j | gold=-40°C to 150°C | pred='The LM5180 datasheet specifies a recomme'
[040][param] ok=False | What is the specified value for 'transmitting power' of  | gold=9 dBm | pred='The specified transmitting power for ESP'
[041][param] ok=True | What is the specified value for 'power-supply recommenda | gold=4.5 V to 36 V | pred="The specified value for 'power-supply re"
[042][param] ok=True | What is the specified value for 'supply voltage' of BME2 | gold=1.71 V to 3.6 V | pred='The specified supply voltage (VDD) for t'
[043][param] ok=False | What is the specified value for 'input offset voltage' o | gold=±0.2 mV typ, ±4 mV max | pred='The specified **input offset voltage** f'
[044][param] ok=False | What is the specified value for 'critical, warning, powe | gold=6 V | pred='The INA3221 datasheet does not specify a'
[045][param] ok=True | What is the specified value for 'A-port VCCA' of TXB0104 | gold=1.2 V to 3.6 V | pred='1.2 V to 3.6 V'
[046][param] ok=True | What is the specified value for 'junction temperature' o | gold=150 °C | pred='The specified junction temperature for t'
[047][param] ok=True | What is the specified value for 'switching frequency' of | gold=570 kHz | pred='The TPS54331 datasheet specifies a fixed'
[048][param] ok=False | What is the specified value for 'switching node pin volt | gold=30ns | pred='-0.7 V'
[049][param] ok=False | What is the specified value for 'peak source/sink curren | gold=3A/5A | pred='The LM5111 datasheet specifies a peak so'
[050][param] ok=False | What is the specified value for 'operating junction temp | gold=150 °C | pred='-40°C to 85°C'
[051][param] ok=True | What is the specified value for 'supply voltage' of OPA2 | gold=5.5 V | pred='5.5 V.'
[052][param] ok=True | What is the specified value for 'automotive temperature  | gold=-40°C to +125°C | pred='-40°C to +125°C'
[053][param] ok=False | What is the specified value for 'quiescent current (per  | gold=4 mA to 5 mA | pred='4 mA.'
[054][param] ok=False | What is the specified value for 'overtemperature' of UCC | gold=140°C | pred='Based on the provided excerpts, there is'
[055][param] ok=False | What is the specified value for 'f corner frequency' of  | gold=147 Hz | pred="Based on the provided excerpts, I don't "
[056][param] ok=False | What is the specified value for 'switching node pin volt | gold=30ns | pred='-0.7 V'
[057][param] ok=False | What is the specified value for 'source current after td | gold=10 mA | pred='The DRV8320 datasheet does not specify a'
[058][param] ok=True | What is the specified value for 'output current' of TPS6 | gold=300 mA | pred='The specified output current for the TPS'
[059][param] ok=False | What is the specified value for 'controller supply volta | gold=3.3 V | pred='The DRV8876 controller supply voltage (V'
[060][param] ok=False | What is the specified value for 'junction-to-ambient the | gold=43.2 °C/W | pred='The LMR14020 datasheet specifies a junct'
[061][param] ok=False | What is the specified value for 'internal power dissipat | gold=304 mW | pred='The specified value for **internal power'
[062][param] ok=True | What is the specified value for 'to keep the junction te | gold=125°C | pred='125°C'
[063][param] ok=False | What is the specified value for 'output current for latc | gold=20 A | pred='Based on the DRV8412 datasheet, the spec'
[064][param] ok=False | What is the specified value for 'RRT (frequency-setting  | gold=10 kΩ to 220 kΩ | pred='The LM5143 datasheet does not specify a '
[065][param] ok=True | What is the specified value for 'maximum repetitive peak | gold=2121 VPK | pred='The UCC23514 specifies a maximum repetit'
[066][param] ok=False | What is the specified value for 'maximum continuous swit | gold=1.5 A | pred='5.5 A.'
[067][param] ok=False | What is the specified value for 'hz (low power only)' of | gold=12.5 Hz | pred='The specified value for **Hz (low power '
[068][param] ok=True | What is the specified value for 'operating voltage' of O | gold=2.2 V to 5.5 V | pred='The specified operating voltage range fo'
[069][param] ok=True | What is the specified value for 'supply voltage (VS)' of | gold=2.7 V to 5.5 V | pred='2.7 V to 5.5 V'
[070][param] ok=True | What is the specified value for 'junction temperature, t | gold=150 °C | pred='150°C'
[071][param] ok=True | What is the specified value for 'internal reference volt | gold=1.2 V | pred='The ADS131M02 datasheet does not specify'
[072][param] ok=False | What is the specified value for 'maximum junction temper | gold=150 °C | pred='According to the LM2674 datasheet (TI), '
[073][param] ok=False | What is the specified value for 'enable and adjusting un | gold=4.3 V | pred="1.6 V (typical) for 'enable and adjustin"
[074][param] ok=False | What is the specified value for 'rising threshold' of LM | gold=1 V | pred='The LMR33620 datasheet specifies the EN '
[075][param] ok=False | What is the specified value for 'input bias current' of  | gold=±200 pA typ, ±500 pA max | pred='±200 pA (max) at 25°C.'
[076][param] ok=False | What is the specified value for 'output voltage' of TPS7 | gold=3.3 V | pred='Based on the provided excerpts, the spec'
[077][param] ok=False | What is the specified value for 'line frequency' of UCC2 | gold=47 Hz to 63 Hz | pred="The specified value for 'line frequency'"
[078][param] ok=False | What is the specified value for 'vbus over voltage thres | gold=5.8V | pred='The specified value for the VBUS over-vo'
[079][param] ok=False | What is the specified value for 'enable and adjusting un | gold=4.3 V | pred='1.22 V (typical)'
[080][param] ok=False | What is the specified value for 'the voltage at the pin  | gold=6.5V | pred='Based on the provided excerpts, the spec'
[081][param] ok=True | What is the specified value for 'inputs accept voltages' | gold=5.5 V | pred='The SN74LVC245A inputs accept voltages u'
[082][param] ok=False | What is the specified value for 'high-side current limit | gold=4.8 A to 6.2 A | pred='The LMR33640 datasheet does not specify '
[083][cross] ok=False | For the datasheet parameter 'junction-to-ambient thermal | gold=TPS62150:45 °C/W|LMR14020:43 | pred='TPS62150: 70.1 °C/W; LMR14020: 55.3 °C/W'
[084][cross] ok=False | For the datasheet parameter 'supply voltage', which part | gold=TMP1075:1.7 V to 5.5 V|BME28 | pred='TMP1075: 5.5 V; BME280: 3.6 V. TMP1075 s'
[085][cross] ok=False | For the datasheet parameter 'supply voltage', which part | gold=TMP1075:1.7 V to 5.5 V|OPA23 | pred='OPA2365 specifies the larger value: OPA2'
[086][cross] ok=False | For the datasheet parameter 'supply voltage', which part | gold=BME280:1.71 V to 3.6 V|OPA23 | pred='OPA2365: 5.5 V; BME280: 3.6 V.'
[087][cross] ok=True | For the datasheet parameter 'maximum junction temperatur | gold=SN74LVC1G14:150 °C|LM2674:15 | pred='SN74LVC1G14: 150°C; LM2674: 125°C. SN74L'
[088][cross] ok=False | For the datasheet parameter 'input bias current', which  | gold=OPA4322:±0.2 pA typ, ±10 pA  | pred='OPA4322: 10 pA (max); OPA330: 50 pA (max'
[089][cross] ok=True | For the datasheet parameter 'power supply recommendation | gold=SN65HVD230:3.3 V|LM5180:4.5  | pred='SN65HVD230: 3.3 V; LM5180: 4.5 V to 65 V'
[090][cross] ok=False | For the datasheet parameter 'maximum repetitive peak iso | gold=AMC1400:2800 VPK|UCC23514:21 | pred='AMC1400: 12,000 VPK; UCC23514: 1,500 VPK'
[091][cross] ok=False | For the datasheet parameter 'switching node pin voltage  | gold=DRV8323R:30ns|DRV8320:30ns | pred='DRV8323R: –0.3 V; DRV8320: –0.3 V. Both '
[092][cross] ok=False | For the datasheet parameter 'enable and adjusting underv | gold=TPS54541:4.3 V|TPS54360:4.3  | pred='TPS54541 specifies the larger value: 1.2'
[093][cross] ok=False | For 'input voltage', which is larger: TMP1075 or INA219? | gold=TMP1075:1.7 V to 5.5 V|INA21 | pred='INA219: 26 V; TMP1075: 7 V. INA219 is la'
[094][cross] ok=False | For 'input voltage', which is larger: TMP1075 or MPU9250 | gold=TMP1075:1.7 V to 5.5 V|MPU92 | pred='TMP1075: -0.3 V to 6 V; MPU9250: -0.5 V '
[095][cross] ok=False | For the datasheet parameter 'safety output supply curren | gold=UCC21520:69.8°C/W|UCC21530:7 | pred='UCC21520: 4 A; UCC21530: 6 A. The UCC215'
[096][cross] ok=False | For 'operating temperature', which is larger: TLC5947 or | gold=TLC5947:150 °C|lt1024:-55°C  | pred='TLC5947: -40°C to 85°C. lt1024: 0°C to 7'
[097][cross] ok=False | Compare the datasheet-specified values 'gda, gdb output  | gold=UCC28060:2.5 mA|AMC3301:4 mA | pred="- UCC28060 'gda, gdb output voltage uv':"
[098][cross] ok=False | For 'operating temperature', which is larger: AMC1311 or | gold=AMC1311:-55°C to +125°C|TL43 | pred='AMC1311: –55°C to +125°C. TL431: –40°C t'
[099][cross] ok=False | For 'operating temperature', which is larger: AMC1311 or | gold=AMC1311:-55°C to +125°C|TL43 | pred='AMC1311: –55°C to 125°C. TL432: –40°C to'
[100][cross] ok=False | For 'input voltage', which is larger: TMP1075 or SN65HVD | gold=TMP1075:1.7 V to 5.5 V|SN65H | pred='SN65HVD230: -2 V to 7 V; TMP1075: -0.3 V'
[101][cross] ok=False | For 'input voltage', which is larger: INA219 or OPA2365? | gold=INA219:3V to 5.5V|OPA2365:5. | pred='OPA2365: 5.5 V max; INA219: 26 V max. IN'
[102][cross] ok=False | For 'input voltage', which is larger: BME280 or TMP20? G | gold=BME280:1.71 V to 3.6 V|TMP20 | pred='BME280: –0.3 to 6.5 V; TMP20: 6 V. BME28'
[103][cross] ok=False | For 'input voltage', which is larger: OPA2376 or DRV8876 | gold=OPA2376:2.2 V to 5.5 V|DRV88 | pred='OPA2376: 5.5 V; DRV8876: 37 V. DRV8876 i'
[104][cross] ok=False | For 'input voltage', which is larger: LM5180 or OPA192?  | gold=LM5180:4.5 V to 65 V|OPA192: | pred='LM5181: 65 V; OPA192: 36 V.'
[105][cross] ok=False | For 'input voltage', which is larger: SN65HVD230 or BME2 | gold=SN65HVD230:3.3 V|BME280:1.71 | pred='SN65HVD230: -0.3 V to 6 V; BME280: -0.3 '
[106][cross] ok=False | For 'input voltage', which is larger: TMP20 or INA219? G | gold=TMP20:2.7 V to 5.5 V|INA219: | pred='INA219: 26 V; TMP20: 5.5 V. INA219 is la'
[107][cross] ok=False | For 'input voltage', which is larger: OPA192 or OPA2365? | gold=OPA192:4.5 V to 36 V|OPA2365 | pred='OPA192: ±20 V; OPA2365: 5.5 V. OPA192 is'
[108][cross] ok=False | For 'input voltage', which is larger: LM5180 or TMP1075? | gold=LM5180:4.5 V to 65 V|TMP1075 | pred='LM5180: 65 V; TMP1075: 7 V. LM5180 is la'
[109][cross] ok=False | For 'input voltage', which is larger: DRV8876 or TMP1075 | gold=DRV8876:3.3 V|TMP1075:1.7 V  | pred='DR8876: 37 V; TMP1075: 5.5 V. DR8876 is '
[110][cross] ok=False | For 'input voltage', which is larger: OPA2376 or OPA192? | gold=OPA2376:2.2 V to 5.5 V|OPA19 | pred='OPA2376: 5.5 V; OPA192: 36 V. OPA192 is '
[111][cross] ok=False | For 'input voltage', which is larger: BME280 or DRV8876? | gold=BME280:1.71 V to 3.6 V|DRV88 | pred='BME280: –0.3 to 6.5 V; DRV8876: –0.3 to '
[112][cross] ok=False | For 'operating temperature', which is larger: TLC5947 or | gold=TLC5947:150 °C|LM5180:-40°C  | pred='TLC5940: -40°C to 85°C; LM5180: -40°C to'
[113][cross] ok=False | For 'operating temperature', which is larger: TXS0104E o | gold=TXS0104E:150 °C|lt1024:-55°C | pred='TXS0104E: –40°C to 85°C. lt1024: –55°C t'
[114][cross] ok=False | For 'operating temperature', which is larger: LM5180 or  | gold=LM5180:-40°C to 150°C|lt1024 | pred="I don't have the excerpts for the LM5180"
[115][cross] ok=False | For 'operating temperature', which is larger: BMP280 or  | gold=BMP280:-40 °C to +85 °C|stm3 | pred='BMP280: -40 to +85 °C. STM32L151CB: -40 '
[116][cross] ok=False | For 'operating temperature', which is larger: LIS3DH or  | gold=LIS3DH:-40 °C to +85 °C|TXS0 | pred='LIS3DH: -40 to +85 °C. TXS0104E: -40 to '
[117][cross] ok=False | For 'operating temperature', which is larger: stm32l151c | gold=stm32l151cb:-40 °C to 105 °C | pred='STM32L151CB: –40 to 85 °C. TLC5947: –40 '
[118][cross] ok=False | Compare the datasheet-specified values 'output voltage'  | gold=TPS7A37:3.3 V|ADS131M02:1.2  | pred='The **internal reference voltage (ADS131'
[119][cross] ok=False | Compare the datasheet-specified values 'output current'  | gold=TPS62203:300 mA|DRV8412:20 A | pred='TPS62203 output current: 300 mA. DRV8412'

== QA100 acc(部分)=26/120 ==
  param  24/83 = 0.29
  cross  2/37 = 0.05
明细: eval/qa100/results_v31_api_bare.json
